ESP-ROM:esp32s3-20210327
Build:Mar 27 2021
rst:0x1 (POWERON),boot:0x8 (SPI_FAST_FLASH_BOOT)
SPIWP:0xee
mode:DIO, clock div:1
load:0x3fce2810,len:0x178c
load:0x403c8700,len:0x4
load:0x403c8704,len:0xcb8
load:0x403cb700,len:0x2d9c
entry 0x403c8914
[0;32mI (27) boot: ESP-IDF v5.3-dev-2265-gfdb7a43752-dirty 2nd stage bootloader[0m
[0;32mI (27) boot: compile time May 13 2024 19:48:36[0m
[0;32mI (28) boot: Multicore bootloader[0m
[0;32mI (32) boot: chip revision: v0.1[0m
[0;32mI (36) boot.esp32s3: Boot SPI Speed : 80MHz[0m
[0;32mI (41) boot.esp32s3: SPI Mode       : DIO[0m
[0;32mI (45) boot.esp32s3: SPI Flash Size : 2MB[0m
[0;32mI (50) boot: Enabling RNG early entropy source...[0m
[0;32mI (56) boot: Partition Table:[0m
[0;32mI (59) boot: ## Label            Usage          Type ST Offset   Length[0m
[0;32mI (66) boot:  0 nvs              WiFi data        01 02 00009000 00006000[0m
[0;32mI (74) boot:  1 phy_init         RF data          01 01 0000f000 00001000[0m
[0;32mI (81) boot:  2 factory          factory app      00 00 00010000 00100000[0m
[0;32mI (89) boot: End of partition table[0m
[0;32mI (93) esp_image: segment 0: paddr=00010020 vaddr=3c0a0020 size=2810ch (164108) map[0m
[0;32mI (131) esp_image: segment 1: paddr=00038134 vaddr=3fc98400 size=047bch ( 18364) load[0m
[0;32mI (135) esp_image: segment 2: paddr=0003c8f8 vaddr=40374000 size=03720h ( 14112) load[0m
[0;32mI (140) esp_image: segment 3: paddr=00040020 vaddr=42000020 size=986a4h (624292) map[0m
[0;32mI (257) esp_image: segment 4: paddr=000d86cc vaddr=40377720 size=10c60h ( 68704) load[0m
[0;32mI (281) boot: Loaded app from partition at offset 0x10000[0m
[0;32mI (281) boot: Disabling RNG early entropy source...[0m
[0;32mI (292) cpu_start: Multicore app[0m
[0;32mI (302) cpu_start: Pro cpu start user code[0m
[0;32mI (302) cpu_start: cpu freq: 160000000 Hz[0m
[0;32mI (303) app_init: Application information:[0m
[0;32mI (305) app_init: Project name:     mqtt[0m
[0;32mI (310) app_init: App version:      6719b12-dirty[0m
[0;32mI (315) app_init: Compile time:     May 14 2024 09:44:06[0m
[0;32mI (321) app_init: ELF file SHA256:  a669863f8...[0m
[0;32mI (327) app_init: ESP-IDF:          v5.3-dev-2265-gfdb7a43752-dirty[0m
[0;32mI (334) app_init: Min chip rev:     v0.0[0m
[0;32mI (338) app_init: Max chip rev:     v0.99 [0m
[0;32mI (343) app_init: Chip rev:         v0.1[0m
[0;32mI (348) heap_init: Initializing. RAM available for dynamic allocation:[0m
[0;32mI (355) heap_init: At 3FCA0B40 len 00048BD0 (290 KiB): RAM[0m
[0;32mI (361) heap_init: At 3FCE9710 len 00005724 (21 KiB): RAM[0m
[0;32mI (367) heap_init: At 3FCF0000 len 00008000 (32 KiB): DRAM[0m
[0;32mI (373) heap_init: At 600FE010 len 00001FD8 (7 KiB): RTCRAM[0m
[0;32mI (380) spi_flash: detected chip: gd[0m
[0;32mI (384) spi_flash: flash io: dio[0m
[0;33mW (388) spi_flash: Detected size(8192k) larger than the size in the binary image header(2048k). Using the size in the binary image header.[0m
[0;32mI (401) sleep: Configure to isolate all GPIO pins in sleep state[0m
[0;32mI (408) sleep: Enable automatic switching of GPIO sleep configuration[0m
[0;32mI (415) main_task: Started on CPU0[0m
[0;32mI (435) main_task: Calling app_main()[0m
[0;32mI (435) [MQTT] : Main execution...[0m
[0;32mI (435) [WI-FI] : Testing the wifi module[0m
[0;32mI (475) [WI-FI] : Init started...[0m
[0;32mI (475) pp: pp rom version: e7ae62f[0m
[0;32mI (475) net80211: net80211 rom version: e7ae62f[0m
I (485) wifi:wifi driver task: 3fca9b5c, prio:23, stack:6656, core=0
I (785) wifi:wifi firmware version: f2b9bda51
I (785) wifi:wifi certification version: v7.0
I (785) wifi:config NVS flash: enabled
I (785) wifi:config nano formating: disabled
I (785) wifi:Init data frame dynamic rx buffer num: 32
I (795) wifi:Init static rx mgmt buffer num: 5
I (795) wifi:Init management short buffer num: 32
I (805) wifi:Init dynamic tx buffer num: 32
I (805) wifi:Init static tx FG buffer num: 2
I (815) wifi:Init static rx buffer size: 1600
I (815) wifi:Init static rx buffer num: 10
I (815) wifi:Init dynamic rx buffer num: 32
[0;32mI (825) wifi_init: rx ba win: 6[0m
[0;32mI (825) wifi_init: accept mbox: 6[0m
[0;32mI (835) wifi_init: tcpip mbox: 32[0m
[0;32mI (835) wifi_init: udp mbox: 6[0m
[0;32mI (835) wifi_init: tcp mbox: 6[0m
[0;32mI (845) wifi_init: tcp tx win: 5760[0m
[0;32mI (845) wifi_init: tcp rx win: 5760[0m
[0;32mI (855) wifi_init: tcp mss: 1440[0m
[0;32mI (855) wifi_init: WiFi IRAM OP enabled[0m
[0;32mI (855) wifi_init: WiFi RX IRAM OP enabled[0m
[0;32mI (875) phy_init: phy_version 640,cd64a1a,Jan 24 2024,17:28:12[0m
I (935) wifi:mode : sta (f4:12:fa:9f:f4:70)
I (935) wifi:enable tsf
[0;32mI (935) [WI-FI] : Connecting to wifi...[0m
[0;32mI (945) [WI-FI] : Connection success![0m
I (1005) wifi:new:<11,0>, old:<1,0>, ap:<255,255>, sta:<11,0>, prof:1
I (1015) wifi:state: init -> auth (b0)
I (1035) wifi:state: auth -> assoc (0)
I (1035) wifi:state: assoc -> run (10)
I (1255) wifi:connected with S10 di Lorenzo, aid = 1, channel 11, BW20, bssid = 06:87:bf:ae:86:7a
I (1255) wifi:security: WPA2-PSK, phy: bgn, rssi: -39
I (1275) wifi:pm start, type: 1

I (1275) wifi:dp: 1, bi: 102400, li: 3, scale listen interval from 307200 us to 307200 us
I (1275) wifi:set rx beacon pti, rx_bcn_pti: 0, bcn_timeout: 25000, mt_pti: 0, mt_time: 10000
I (1295) wifi:<ba-add>idx:0 (ifx:0, 06:87:bf:ae:86:7a), tid:0, ssn:0, winSize:64

assert failed: tcpip_inpkt /IDF/components/lwip/lwip/src/api/tcpip.c:252 (Invalid mbox)


Backtrace: 0x40375b0a:0x3fca9730 0x4037c259:0x3fca9750 0x40383f21:0x3fca9770 0x42058d59:0x3fca9890 0x42058da9:0x3fca98b0 0x4206c036:0x3fca98d0 0x42091da5:0x3fca98f0 0x4037c281:0x3fca9910 0x40383c55:0x3fca9930 0x40383d09:0x3fca9980 0x40385d49:0x3fca99a0 0x4038477b:0x3fca99c0 0x4037cd65:0x3fca99f0




ELF file SHA256: a669863f8

Rebooting...
ï¿½ï¿½ï¿½ESP-ROM:esp32s3-20210327
Build:Mar 27 2021
rst:0xc (RTC_SW_CPU_RST),boot:0x8 (SPI_FAST_FLASH_BOOT)
Saved PC:0x40375a44
SPIWP:0xee
mode:DIO, clock div:1
load:0x3fce2810,len:0x178c
load:0x403c8700,len:0x4
load:0x403c8704,len:0xcb8
load:0x403cb700,len:0x2d9c
entry 0x403c8914
[0;32mI (31) boot: ESP-IDF v5.3-dev-2265-gfdb7a43752-dirty 2nd stage bootloader[0m
[0;32mI (31) boot: compile time May 13 2024 19:48:36[0m
[0;32mI (32) boot: Multicore bootloader[0m
[0;32mI (36) boot: chip revision: v0.1[0m
[0;32mI (40) boot.esp32s3: Boot SPI Speed : 80MHz[0m
[0;32mI (45) boot.esp32s3: SPI Mode       : DIO[0m
[0;32mI (50) boot.esp32s3: SPI Flash Size : 2MB[0m
[0;32mI (55) boot: Enabling RNG early entropy source...[0m
[0;32mI (60) boot: Partition Table:[0m
[0;32mI (63) boot: ## Label            Usage          Type ST Offset   Length[0m
[0;32mI (71) boot:  0 nvs              WiFi data        01 02 00009000 00006000[0m
[0;32mI (78) boot:  1 phy_init         RF data          01 01 0000f000 00001000[0m
[0;32mI (86) boot:  2 factory          factory app      00 00 00010000 00100000[0m
[0;32mI (93) boot: End of partition table[0m
[0;32mI (97) esp_image: segment 0: paddr=00010020 vaddr=3c0a0020 size=2810ch (164108) map[0m
[0;32mI (135) esp_image: segment 1: paddr=00038134 vaddr=3fc98400 size=047bch ( 18364) load[0m
[0;32mI (139) esp_image: segment 2: paddr=0003c8f8 vaddr=40374000 size=03720h ( 14112) load[0m
[0;32mI (144) esp_image: segment 3: paddr=00040020 vaddr=42000020 size=986a4h (624292) map[0m
[0;32mI (261) esp_image: segment 4: paddr=000d86cc vaddr=40377720 size=10c60h ( 68704) load[0m
[0;32mI (285) boot: Loaded app from partition at offset 0x10000[0m
[0;32mI (285) boot: Disabling RNG early entropy source...[0m
[0;32mI (297) cpu_start: Multicore app[0m
[0;32mI (307) cpu_start: Pro cpu start user code[0m
[0;32mI (307) cpu_start: cpu freq: 160000000 Hz[0m
[0;32mI (307) app_init: Application information:[0m
[0;32mI (310) app_init: Project name:     mqtt[0m
[0;32mI (314) app_init: App version:      6719b12-dirty[0m
[0;32mI (320) app_init: Compile time:     May 14 2024 09:44:06[0m
[0;32mI (326) app_init: ELF file SHA256:  a669863f8...[0m
[0;32mI (331) app_init: ESP-IDF:          v5.3-dev-2265-gfdb7a43752-dirty[0m
[0;32mI (338) app_init: Min chip rev:     v0.0[0m
[0;32mI (343) app_init: Max chip rev:     v0.99 [0m
[0;32mI (347) app_init: Chip rev:         v0.1[0m
[0;32mI (352) heap_init: Initializing. RAM available for dynamic allocation:[0m
[0;32mI (359) heap_init: At 3FCA0B40 len 00048BD0 (290 KiB): RAM[0m
[0;32mI (365) heap_init: At 3FCE9710 len 00005724 (21 KiB): RAM[0m
[0;32mI (371) heap_init: At 3FCF0000 len 00008000 (32 KiB): DRAM[0m
[0;32mI (378) heap_init: At 600FE010 len 00001FD8 (7 KiB): RTCRAM[0m
[0;32mI (385) spi_flash: detected chip: gd[0m
[0;32mI (388) spi_flash: flash io: dio[0m
[0;33mW (392) spi_flash: Detected size(8192k) larger than the size in the binary image header(2048k). Using the size in the binary image header.[0m
[0;32mI (406) sleep: Configure to isolate all GPIO pins in sleep state[0m
[0;32mI (412) sleep: Enable automatic switching of GPIO sleep configuration[0m
[0;32mI (419) main_task: Started on CPU0[0m
[0;32mI (439) main_task: Calling app_main()[0m
[0;32mI (439) [MQTT] : Main execution...[0m
[0;32mI (439) [WI-FI] : Testing the wifi module[0m
[0;32mI (479) [WI-FI] : Init started...[0m
[0;32mI (479) pp: pp rom version: e7ae62f[0m
[0;32mI (479) net80211: net80211 rom version: e7ae62f[0m
I (489) wifi:wifi driver task: 3fca9b5c, prio:23, stack:6656, core=0
I (789) wifi:wifi firmware version: f2b9bda51
I (789) wifi:wifi certification version: v7.0
I (789) wifi:config NVS flash: enabled
I (789) wifi:config nano formating: disabled
I (789) wifi:Init data frame dynamic rx buffer num: 32
I (799) wifi:Init static rx mgmt buffer num: 5
I (799) wifi:Init management short buffer num: 32
I (809) wifi:Init dynamic tx buffer num: 32
I (809) wifi:Init static tx FG buffer num: 2
I (819) wifi:Init static rx buffer size: 1600
I (819) wifi:Init static rx buffer num: 10
I (819) wifi:Init dynamic rx buffer num: 32
[0;32mI (829) wifi_init: rx ba win: 6[0m
[0;32mI (829) wifi_init: accept mbox: 6[0m
[0;32mI (839) wifi_init: tcpip mbox: 32[0m
[0;32mI (839) wifi_init: udp mbox: 6[0m
[0;32mI (839) wifi_init: tcp mbox: 6[0m
[0;32mI (849) wifi_init: tcp tx win: 5760[0m
[0;32mI (849) wifi_init: tcp rx win: 5760[0m
[0;32mI (859) wifi_init: tcp mss: 1440[0m
[0;32mI (859) wifi_init: WiFi IRAM OP enabled[0m
[0;32mI (859) wifi_init: WiFi RX IRAM OP enabled[0m
[0;32mI (879) phy_init: phy_version 640,cd64a1a,Jan 24 2024,17:28:12[0m
I (939) wifi:mode : sta (f4:12:fa:9f:f4:70)
I (939) wifi:enable tsf
[0;32mI (949) [WI-FI] : Connecting to wifi...[0m
[0;32mI (949) [WI-FI] : Connection success![0m
I (949) wifi:new:<11,0>, old:<1,0>, ap:<255,255>, sta:<11,0>, prof:1
I (959) wifi:state: init -> auth (b0)
I (979) wifi:state: auth -> assoc (0)
I (989) wifi:state: assoc -> run (10)
I (1189) wifi:connected with S10 di Lorenzo, aid = 1, channel 11, BW20, bssid = 06:87:bf:ae:86:7a
I (1189) wifi:security: WPA2-PSK, phy: bgn, rssi: -41
I (1209) wifi:pm start, type: 1

I (1209) wifi:dp: 1, bi: 102400, li: 3, scale listen interval from 307200 us to 307200 us
I (1209) wifi:set rx beacon pti, rx_bcn_pti: 0, bcn_timeout: 25000, mt_pti: 0, mt_time: 10000

assert failed: tcpip_inpkt /IDF/components/lwip/lwip/src/api/tcpip.c:252 (Invalid mbox)


Backtrace: 0x40375b0a:0x3fca9730 0x4037c259:0x3fca9750 0x40383f21:0x3fca9770 0x42058d59:0x3fca9890 0x42058da9:0x3fca98b0 0x4206c036:0x3fca98d0 0x42091da5:0x3fca98f0 0x4037c281:0x3fca9910 0x40383c55:0x3fca9930 0x40383d09:0x3fca9980 0x40385d49:0x3fca99a0 0x4038477b:0x3fca99c0 0x4037cd65:0x3fca99f0




ELF file SHA256: a669863f8

Rebooting...
ï¿½ï¿½ï¿½ESP-ROM:esp32s3-20210327
Build:Mar 27 2021
rst:0xc (RTC_SW_CPU_RST),boot:0x8 (SPI_FAST_FLASH_BOOT)
Saved PC:0x40375a44
SPIWP:0xee
mode:DIO, clock div:1
load:0x3fce2810,len:0x178c
load:0x403c8700,len:0x4
load:0x403c8704,len:0xcb8
load:0x403cb700,len:0x2d9c
entry 0x403c8914
[0;32mI (31) boot: ESP-IDF v5.3-dev-2265-gfdb7a43752-dirty 2nd stage bootloader[0m
[0;32mI (31) boot: compile time May 13 2024 19:48:36[0m
[0;32mI (32) boot: Multicore bootloader[0m
[0;32mI (36) boot: chip revision: v0.1[0m
[0;32mI (40) boot.esp32s3: Boot SPI Speed : 80MHz[0m
[0;32mI (45) boot.esp32s3: SPI Mode       : DIO[0m
[0;32mI (50) boot.esp32s3: SPI Flash Size : 2MB[0m
[0;32mI (55) boot: Enabling RNG early entropy source...[0m
[0;32mI (60) boot: Partition Table:[0m
[0;32mI (63) boot: ## Label            Usage          Type ST Offset   Length[0m
[0;32mI (71) boot:  0 nvs              WiFi data        01 02 00009000 00006000[0m
[0;32mI (78) boot:  1 phy_init         RF data          01 01 0000f000 00001000[0m
[0;32mI (86) boot:  2 factory          factory app      00 00 00010000 00100000[0m
[0;32mI (93) boot: End of partition table[0m
[0;32mI (97) esp_image: segment 0: paddr=00010020 vaddr=3c0a0020 size=2810ch (164108) map[0m
[0;32mI (135) esp_image: segment 1: paddr=00038134 vaddr=3fc98400 size=047bch ( 18364) load[0m
[0;32mI (139) esp_image: segment 2: paddr=0003c8f8 vaddr=40374000 size=03720h ( 14112) load[0m
[0;32mI (144) esp_image: segment 3: paddr=00040020 vaddr=42000020 size=986a4h (624292) map[0m
[0;32mI (261) esp_image: segment 4: paddr=000d86cc vaddr=40377720 size=10c60h ( 68704) load[0m
[0;32mI (285) boot: Loaded app from partition at offset 0x10000[0m
[0;32mI (285) boot: Disabling RNG early entropy source...[0m
[0;32mI (297) cpu_start: Multicore app[0m
[0;32mI (307) cpu_start: Pro cpu start user code[0m
[0;32mI (307) cpu_start: cpu freq: 160000000 Hz[0m
[0;32mI (307) app_init: Application information:[0m
[0;32mI (310) app_init: Project name:     mqtt[0m
[0;32mI (314) app_init: App version:      6719b12-dirty[0m
[0;32mI (320) app_init: Compile time:     May 14 2024 09:44:06[0m
[0;32mI (326) app_init: ELF file SHA256:  a669863f8...[0m
[0;32mI (331) app_init: ESP-IDF:          v5.3-dev-2265-gfdb7a43752-dirty[0m
[0;32mI (338) app_init: Min chip rev:     v0.0[0m
[0;32mI (343) app_init: Max chip rev:     v0.99 [0m
[0;32mI (347) app_init: Chip rev:         v0.1[0m
[0;32mI (352) heap_init: Initializing. RAM available for dynamic allocation:[0m
[0;32mI (359) heap_init: At 3FCA0B40 len 00048BD0 (290 KiB): RAM[0m
[0;32mI (365) heap_init: At 3FCE9710 len 00005724 (21 KiB): RAM[0m
[0;32mI (371) heap_init: At 3FCF0000 len 00008000 (32 KiB): DRAM[0m
[0;32mI (378) heap_init: At 600FE010 len 00001FD8 (7 KiB): RTCRAM[0m
[0;32mI (385) spi_flash: detected chip: gd[0m
[0;32mI (388) spi_flash: flash io: dio[0m
[0;33mW (392) spi_flash: Detected size(8192k) larger than the size in the binary image header(2048k). Using the size in the binary image header.[0m
[0;32mI (406) sleep: Configure to isolate all GPIO pins in sleep state[0m
[0;32mI (412) sleep: Enable automatic switching of GPIO sleep configuration[0m
[0;32mI (419) main_task: Started on CPU0[0m
[0;32mI (439) main_task: Calling app_main()[0m
[0;32mI (439) [MQTT] : Main execution...[0m
[0;32mI (439) [WI-FI] : Testing the wifi module[0m
[0;32mI (479) [WI-FI] : Init started...[0m
[0;32mI (479) pp: pp rom version: e7ae62f[0m
[0;32mI (479) net80211: net80211 rom version: e7ae62f[0m
I (489) wifi:wifi driver task: 3fca9b5c, prio:23, stack:6656, core=0
I (789) wifi:wifi firmware version: f2b9bda51
I (789) wifi:wifi certification version: v7.0
I (789) wifi:config NVS flash: enabled
I (789) wifi:config nano formating: disabled
I (789) wifi:Init data frame dynamic rx buffer num: 32
I (799) wifi:Init static rx mgmt buffer num: 5
I (799) wifi:Init management short buffer num: 32
I (809) wifi:Init dynamic tx buffer num: 32
I (809) wifi:Init static tx FG buffer num: 2
I (819) wifi:Init static rx buffer size: 1600
I (819) wifi:Init static rx buffer num: 10
I (819) wifi:Init dynamic rx buffer num: 32
[0;32mI (829) wifi_init: rx ba win: 6[0m
[0;32mI (829) wifi_init: accept mbox: 6[0m
[0;32mI (839) wifi_init: tcpip mbox: 32[0m
[0;32mI (839) wifi_init: udp mbox: 6[0m
[0;32mI (839) wifi_init: tcp mbox: 6[0m
[0;32mI (849) wifi_init: tcp tx win: 5760[0m
[0;32mI (849) wifi_init: tcp rx win: 5760[0m
[0;32mI (859) wifi_init: tcp mss: 1440[0m
[0;32mI (859) wifi_init: WiFi IRAM OP enabled[0m
[0;32mI (859) wifi_init: WiFi RX IRAM OP enabled[0m
[0;32mI (879) phy_init: phy_version 640,cd64a1a,Jan 24 2024,17:28:12[0m
I (939) wifi:mode : sta (f4:12:fa:9f:f4:70)
I (939) wifi:enable tsf
[0;32mI (949) [WI-FI] : Connecting to wifi...[0m
[0;32mI (949) [WI-FI] : Connection success![0m
I (949) wifi:new:<11,0>, old:<1,0>, ap:<255,255>, sta:<11,0>, prof:1
I (949) wifi:state: init -> auth (b0)
I (959) wifi:state: auth -> assoc (0)
I (979) wifi:state: assoc -> run (10)
I (1189) wifi:connected with S10 di Lorenzo, aid = 1, channel 11, BW20, bssid = 06:87:bf:ae:86:7a
I (1189) wifi:security: WPA2-PSK, phy: bgn, rssi: -37
I (1209) wifi:pm start, type: 1

I (1209) wifi:dp: 1, bi: 102400, li: 3, scale listen interval from 307200 us to 307200 us
I (1209) wifi:set rx beacon pti, rx_bcn_pti: 0, bcn_timeout: 25000, mt_pti: 0, mt_time: 10000
I (1239) wifi:<ba-add>idx:0 (ifx:0, 06:87:bf:ae:86:7a), tid:0, ssn:0, winSize:64

assert failed: tcpip_inpkt /IDF/components/lwip/lwip/src/api/tcpip.c:252 (Invalid mbox)


Backtrace: 0x40375b0a:0x3fca9730 0x4037c259:0x3fca9750 0x40383f21:0x3fca9770 0x42058d59:0x3fca9890 0x42058da9:0x3fca98b0 0x4206c036:0x3fca98d0 0x42091da5:0x3fca98f0 0x4037c281:0x3fca9910 0x40383c55:0x3fca9930 0x40383d09:0x3fca9980 0x40385d49:0x3fca99a0 0x4038477b:0x3fca99c0 0x4037cd65:0x3fca99f0




ELF file SHA256: a669863f8

Rebooting...
ï¿½ï¿½ï¿½ESP-ROM:esp32s3-20210327
Build:Mar 27 2021
rst:0xc (RTC_SW_CPU_RST),boot:0x8 (SPI_FAST_FLASH_BOOT)
Saved PC:0x40375a44
SPIWP:0xee
mode:DIO, clock div:1
load:0x3fce2810,len:0x178c
load:0x403c8700,len:0x4
load:0x403c8704,len:0xcb8
load:0x403cb700,len:0x2d9c
entry 0x403c8914
[0;32mI (31) boot: ESP-IDF v5.3-dev-2265-gfdb7a43752-dirty 2nd stage bootloader[0m
[0;32mI (31) boot: compile time May 13 2024 19:48:36[0m
[0;32mI (32) boot: Multicore bootloader[0m
[0;32mI (36) boot: chip revision: v0.1[0m
[0;32mI (40) boot.esp32s3: Boot SPI Speed : 80MHz[0m
[0;32mI (45) boot.esp32s3: SPI Mode       : DIO[0m
[0;32mI (50) boot.esp32s3: SPI Flash Size : 2MB[0m
[0;32mI (55) boot: Enabling RNG early entropy source...[0m
[0;32mI (60) boot: Partition Table:[0m
[0;32mI (63) boot: ## Label            Usage          Type ST Offset   Length[0m
[0;32mI (71) boot:  0 nvs              WiFi data        01 02 00009000 00006000[0m
[0;32mI (78) boot:  1 phy_init         RF data          01 01 0000f000 00001000[0m
[0;32mI (86) boot:  2 factory          factory app      00 00 00010000 00100000[0m
[0;32mI (93) boot: End of partition table[0m
[0;32mI (97) esp_image: segment 0: paddr=00010020 vaddr=3c0a0020 size=2810ch (164108) map[0m
[0;32mI (135) esp_image: segment 1: paddr=00038134 vaddr=3fc98400 size=047bch ( 18364) load[0m
[0;32mI (139) esp_image: segment 2: paddr=0003c8f8 vaddr=40374000 size=03720h ( 14112) load[0m
[0;32mI (144) esp_image: segment 3: paddr=00040020 vaddr=42000020 size=986a4h (624292) map[0m
[0;32mI (261) esp_image: segment 4: paddr=000d86cc vaddr=40377720 size=10c60h ( 68704) load[0m
[0;32mI (285) boot: Loaded app from partition at offset 0x10000[0m
[0;32mI (285) boot: Disabling RNG early entropy source...[0m
[0;32mI (297) cpu_start: Multicore app[0m
[0;32mI (307) cpu_start: Pro cpu start user code[0m
[0;32mI (307) cpu_start: cpu freq: 160000000 Hz[0m
[0;32mI (307) app_init: Application information:[0m
[0;32mI (310) app_init: Project name:     mqtt[0m
[0;32mI (314) app_init: App version:      6719b12-dirty[0m
[0;32mI (320) app_init: Compile time:     May 14 2024 09:44:06[0m
[0;32mI (326) app_init: ELF file SHA256:  a669863f8...[0m
[0;32mI (331) app_init: ESP-IDF:          v5.3-dev-2265-gfdb7a43752-dirty[0m
[0;32mI (338) app_init: Min chip rev:     v0.0[0m
[0;32mI (343) app_init: Max chip rev:     v0.99 [0m
[0;32mI (347) app_init: Chip rev:         v0.1[0m
[0;32mI (352) heap_init: Initializing. RAM available for dynamic allocation:[0m
[0;32mI (359) heap_init: At 3FCA0B40 len 00048BD0 (290 KiB): RAM[0m
[0;32mI (365) heap_init: At 3FCE9710 len 00005724 (21 KiB): RAM[0m
[0;32mI (371) heap_init: At 3FCF0000 len 00008000 (32 KiB): DRAM[0m
[0;32mI (378) heap_init: At 600FE010 len 00001FD8 (7 KiB): RTCRAM[0m
[0;32mI (385) spi_flash: detected chip: gd[0m
[0;32mI (388) spi_flash: flash io: dio[0m
[0;33mW (392) spi_flash: Detected size(8192k) larger than the size in the binary image header(2048k). Using the size in the binary image header.[0m
[0;32mI (406) sleep: Configure to isolate all GPIO pins in sleep state[0m
[0;32mI (412) sleep: Enable automatic switching of GPIO sleep configuration[0m
[0;32mI (419) main_task: Started on CPU0[0m
[0;32mI (439) main_task: Calling app_main()[0m
[0;32mI (439) [MQTT] : Main execution...[0m
[0;32mI (439) [WI-FI] : Testing the wifi module[0m
[0;32mI (479) [WI-FI] : Init started...[0m
[0;32mI (479) pp: pp rom version: e7ae62f[0m
[0;32mI (479) net80211: net80211 rom version: e7ae62f[0m
I (489) wifi:wifi driver task: 3fca9b5c, prio:23, stack:6656, core=0
I (789) wifi:wifi firmware version: f2b9bda51
I (789) wifi:wifi certification version: v7.0
I (789) wifi:config NVS flash: enabled
I (789) wifi:config nano formating: disabled
I (789) wifi:Init data frame dynamic rx buffer num: 32
I (799) wifi:Init static rx mgmt buffer num: 5
I (799) wifi:Init management short buffer num: 32
I (809) wifi:Init dynamic tx buffer num: 32
I (809) wifi:Init static tx FG buffer num: 2
I (819) wifi:Init static rx buffer size: 1600
I (819) wifi:Init static rx buffer num: 10
I (819) wifi:Init dynamic rx buffer num: 32
[0;32mI (829) wifi_init: rx ba win: 6[0m
[0;32mI (829) wifi_init: accept mbox: 6[0m
[0;32mI (839) wifi_init: tcpip mbox: 32[0m
[0;32mI (839) wifi_init: udp mbox: 6[0m
[0;32mI (839) wifi_init: tcp mbox: 6[0m
[0;32mI (849) wifi_init: tcp tx win: 5760[0m
[0;32mI (849) wifi_init: tcp rx win: 5760[0m
[0;32mI (859) wifi_init: tcp mss: 1440[0m
[0;32mI (859) wifi_init: WiFi IRAM OP enabled[0m
[0;32mI (859) wifi_init: WiFi RX IRAM OP enabled[0m
[0;32mI (879) phy_init: phy_version 640,cd64a1a,Jan 24 2024,17:28:12[0m
I (939) wifi:mode : sta (f4:12:fa:9f:f4:70)
I (939) wifi:enable tsf
[0;32mI (949) [WI-FI] : Connecting to wifi...[0m
[0;32mI (949) [WI-FI] : Connection success![0m
I (959) wifi:new:<11,0>, old:<1,0>, ap:<255,255>, sta:<11,0>, prof:1
I (959) wifi:state: init -> auth (b0)
I (979) wifi:state: auth -> assoc (0)
I (979) wifi:state: assoc -> run (10)
I (1029) wifi:connected with S10 di Lorenzo, aid = 1, channel 11, BW20, bssid = 06:87:bf:ae:86:7a
I (1029) wifi:security: WPA2-PSK, phy: bgn, rssi: -37
I (1049) wifi:pm start, type: 1

I (1049) wifi:dp: 1, bi: 102400, li: 3, scale listen interval from 307200 us to 307200 us
I (1049) wifi:set rx beacon pti, rx_bcn_pti: 0, bcn_timeout: 25000, mt_pti: 0, mt_time: 10000
I (1069) wifi:dp: 2, bi: 102400, li: 4, scale listen interval from 307200 us to 409600 us
I (1069) wifi:AP's beacon interval = 102400 us, DTIM period = 2
