ï¿½ï¿½4 vaddr=403805f8 sizeï¿½ESP-ROM:esp32s3-20210327
Build:Mar 27 2021
rst:0x1 (POWERON),boot:0x8 (SPI_FAST_FLASH_BOOT)
SPIWP:0xee
mode:DIO, clock div:1
load:0x3fce2810,len:0x178c
load:0x403c8700,len:0x4
load:0x403c8704,len:0xcb8
load:0x403cb700,len:0x2d9c
entry 0x403c8914
[0;32mI (27) boot: ESP-IDF v5.3-dev-2265-gfdb7a43752-dirty 2nd stage bootloader[0m
[0;32mI (27) boot: compile time May 11 2024 10:32:13[0m
[0;32mI (28) boot: Multicore bootloader[0m
[0;32mI (32) boot: chip revision: v0.1[0m
[0;32mI (36) boot.esp32s3: Boot SPI Speed : 80MHz[0m
[0;32mI (41) boot.esp32s3: SPI Mode       : DIO[0m
[0;32mI (45) boot.esp32s3: SPI Flash Size : 2MB[0m
[0;32mI (50) boot: Enabling RNG early entropy source...[0m
[0;32mI (56) boot: Partition Table:[0m
[0;32mI (59) boot: ## Label            Usage          Type ST Offset   Length[0m
[0;32mI (66) boot:  0 nvs              WiFi data        01 02 00009000 00006000[0m
[0;32mI (74) boot:  1 phy_init         RF data          01 01 0000f000 00001000[0m
[0;32mI (81) boot:  2 factory          factory app      00 00 00010000 00100000[0m
[0;32mI (89) boot: End of partition table[0m
[0;32mI (93) esp_image: segment 0: paddr=00010020 vaddr=3c020020 size=110ach ( 69804) map[0m
[0;32mI (114) esp_image: segment 1: paddr=000210d4 vaddr=3fc92200 size=02944h ( 10564) load[0m
[0;32mI (116) esp_image: segment 2: paddr=00023a20 vaddr=40374000 size=0c5f8h ( 50680) load[0m
[0;32mI (131) esp_image: segment 3: paddr=00030020 vaddr=42000020 size=1ac2ch (109612) map[0m
[0;32mI (151) esp_image: segment 4: paddr=0004ac54 vaddr=403805f8 size=01b58h (  7000) load[0m
[0;32mI (158) boot: Loaded app from partition at offset 0x10000[0m
[0;32mI (159) boot: Disabling RNG early entropy source...[0m
[0;32mI (171) cpu_start: Multicore app[0m
[0;32mI (181) cpu_start: Pro cpu start user code[0m
[0;32mI (181) cpu_start: cpu freq: 160000000 Hz[0m
[0;32mI (181) app_init: Application information:[0m
[0;32mI (184) app_init: Project name:     fft[0m
[0;32mI (188) app_init: App version:      29fa922[0m
[0;32mI (193) app_init: Compile time:     May 11 2024 16:02:43[0m
[0;32mI (199) app_init: ELF file SHA256:  f3e4bad4c...[0m
[0;32mI (205) app_init: ESP-IDF:          v5.3-dev-2265-gfdb7a43752-dirty[0m
[0;32mI (211) app_init: Min chip rev:     v0.0[0m
[0;32mI (216) app_init: Max chip rev:     v0.99 [0m
[0;32mI (221) app_init: Chip rev:         v0.1[0m
[0;32mI (226) heap_init: Initializing. RAM available for dynamic allocation:[0m
[0;32mI (233) heap_init: At 3FC96630 len 000530E0 (332 KiB): RAM[0m
[0;32mI (239) heap_init: At 3FCE9710 len 00005724 (21 KiB): RAM[0m
[0;32mI (245) heap_init: At 3FCF0000 len 00008000 (32 KiB): DRAM[0m
[0;32mI (251) heap_init: At 600FE010 len 00001FD8 (7 KiB): RTCRAM[0m
[0;32mI (258) spi_flash: detected chip: gd[0m
[0;32mI (262) spi_flash: flash io: dio[0m
[0;33mW (265) spi_flash: Detected size(8192k) larger than the size in the binary image header(2048k). Using the size in the binary image header.[0m
[0;32mI (279) sleep: Configure to isolate all GPIO pins in sleep state[0m
[0;32mI (286) sleep: Enable automatic switching of GPIO sleep configuration[0m
[0;32mI (293) main_task: Started on CPU0[0m
[0;32mI (313) main_task: Calling app_main()[0m
[0;32mI (323) [FFT] : Hann window generated[0m
[0;32mI (323) [FFT] : Input test wave generated[0m
[0;32mI (323) [FFT] : Output populating completed[0m
[0;32mI (323) main_task: Returned from app_main()[0m
