Úšï¿½j%ï¿½(161) boot: Dï¿½ESP-ROM:esp32s3-20210327
Build:Mar 27 2021
rst:0x1 (POWERON),boot:0x8 (SPI_FAST_FLASH_BOOT)
SPIWP:0xee
mode:DIO, clock div:1
load:0x3fce2810,len:0x178c
load:0x403c8700,len:0x4
load:0x403c8704,len:0xcb8
load:0x403cb700,len:0x2d9c
entry 0x403c8914
[0;32mI (27) boot: ESP-IDF v5.3-dev-2265-gfdb7a43752-dirty 2nd stage bootloader[0m
[0;32mI (27) boot: compile time May 17 2024 21:32:48[0m
[0;32mI (28) boot: Multicore bootloader[0m
[0;32mI (32) boot: chip revision: v0.1[0m
[0;32mI (36) boot.esp32s3: Boot SPI Speed : 80MHz[0m
[0;32mI (41) boot.esp32s3: SPI Mode       : DIO[0m
[0;32mI (45) boot.esp32s3: SPI Flash Size : 2MB[0m
[0;32mI (50) boot: Enabling RNG early entropy source...[0m
[0;32mI (56) boot: Partition Table:[0m
[0;32mI (59) boot: ## Label            Usage          Type ST Offset   Length[0m
[0;32mI (66) boot:  0 nvs              WiFi data        01 02 00009000 00006000[0m
[0;32mI (74) boot:  1 phy_init         RF data          01 01 0000f000 00001000[0m
[0;32mI (81) boot:  2 factory          factory app      00 00 00010000 00100000[0m
[0;32mI (89) boot: End of partition table[0m
[0;32mI (93) esp_image: segment 0: paddr=00010020 vaddr=3c020020 size=1214ch ( 74060) map[0m
[0;32mI (115) esp_image: segment 1: paddr=00022174 vaddr=3fc92200 size=029e4h ( 10724) load[0m
[0;32mI (117) esp_image: segment 2: paddr=00024b60 vaddr=40374000 size=0b4b8h ( 46264) load[0m
[0;32mI (131) esp_image: segment 3: paddr=00030020 vaddr=42000020 size=1d354h (119636) map[0m
[0;32mI (152) esp_image: segment 4: paddr=0004d37c vaddr=4037f4b8 size=02ca8h ( 11432) load[0m
[0;32mI (161) boot: Loaded app from partition at offset 0x10000[0m
[0;32mI (161) boot: Disabling RNG early entropy source...[0m
[0;32mI (173) cpu_start: Multicore app[0m
[0;32mI (183) cpu_start: Pro cpu start user code[0m
[0;32mI (183) cpu_start: cpu freq: 160000000 Hz[0m
[0;32mI (183) app_init: Application information:[0m
[0;32mI (186) app_init: Project name:     fft[0m
[0;32mI (190) app_init: App version:      723f97b-dirty[0m
[0;32mI (196) app_init: Compile time:     May 17 2024 21:32:46[0m
[0;32mI (202) app_init: ELF file SHA256:  a9e0c7b98...[0m
[0;32mI (207) app_init: ESP-IDF:          v5.3-dev-2265-gfdb7a43752-dirty[0m
[0;32mI (214) app_init: Min chip rev:     v0.0[0m
[0;32mI (218) app_init: Max chip rev:     v0.99 [0m
[0;32mI (223) app_init: Chip rev:         v0.1[0m
[0;32mI (228) heap_init: Initializing. RAM available for dynamic allocation:[0m
[0;32mI (235) heap_init: At 3FC98D38 len 000509D8 (322 KiB): RAM[0m
[0;32mI (241) heap_init: At 3FCE9710 len 00005724 (21 KiB): RAM[0m
[0;32mI (247) heap_init: At 3FCF0000 len 00008000 (32 KiB): DRAM[0m
[0;32mI (253) heap_init: At 600FE010 len 00001FD8 (7 KiB): RTCRAM[0m
[0;32mI (261) spi_flash: detected chip: gd[0m
[0;32mI (264) spi_flash: flash io: dio[0m
[0;33mW (268) spi_flash: Detected size(8192k) larger than the size in the binary image header(2048k). Using the size in the binary image header.[0m
[0;33mW (281) ADC: legacy driver is deprecated, please migrate to `esp_adc/adc_oneshot.h`[0m
[0;32mI (289) sleep: Configure to isolate all GPIO pins in sleep state[0m
[0;32mI (296) sleep: Enable automatic switching of GPIO sleep configuration[0m
[0;32mI (304) main_task: Started on CPU0[0m
[0;32mI (311) main_task: Calling app_main()[0m
[0;32mI (312) [ADC] : Initializing ADC_1 CH_0...[0m
[0;32mI (317) [ADC] : Characterization ADC_1 CH_0 : done[0m
[0;32mI (323) [ADC] : Channel width and configuration done[0m
[0;32mI (10568) [ADC] : Sampling completed[0m
[0;32mI (10576) [FFT] : Hann window generated[0m
[0;32mI (10577) [FFT] : Output populating completed[0m
temp1: 90.108330 - temp2: -inf
temp1: 90.119949 - temp2: -45.109440
temp1: 19.918024 - temp2: -111.440887
temp1: 26.300116 - temp2: -61.308640
temp1: 23.858347 - temp2: -107.294464
temp1: 25.806925 - temp2: -64.390656
temp1: 20.860327 - temp2: -116.325363
temp1: 24.079132 - temp2: -60.676964
temp1: 25.754282 - temp2: -108.579300
temp1: 25.322922 - temp2: -60.926380
temp1: 26.471273 - temp2: -110.411995
temp1: 21.198448 - temp2: -68.784782
temp1: 19.796700 - temp2: -114.324066
temp1: 19.067884 - temp2: -69.155983
temp1: 18.079523 - temp2: -114.128113
temp1: 17.015350 - temp2: -68.677910
temp1: 26.184275 - temp2: -123.422302
temp1: 18.214241 - temp2: -74.400307
temp1: 14.326758 - temp2: -113.197495
temp1: 16.343863 - temp2: -77.404419
temp1: 18.884855 - temp2: -123.422302
temp1: 15.756178 - temp2: -76.673447
temp1: 19.858372 - temp2: -112.282867
temp1: 19.852812 - temp2: -71.286598
temp1: 11.720385 - temp2: -120.148705
temp1: 15.686212 - temp2: -71.399529
temp1: 20.301811 - temp2: -118.473801
temp1: 14.170530 - temp2: -82.914589
temp1: 21.234100 - temp2: -116.890175
temp1: 21.413734 - temp2: -81.731140
temp1: 15.240767 - temp2: -124.494400
temp1: 13.406580 - temp2: -74.569763
temp1: 20.620834 - temp2: -120.411995
temp1: 21.537725 - temp2: -67.477234
temp1: 23.569489 - temp2: -104.700737
temp1: 23.468155 - temp2: -78.547379
temp1: 20.347836 - temp2: -113.159012
temp1: 18.954466 - temp2: -80.846344
temp1: 17.157509 - temp2: -118.303459
temp1: 18.993904 - temp2: -72.479225
temp1: 10.021811 - temp2: -119.442902
temp1: 11.331782 - temp2: -77.726189
temp1: 13.077403 - temp2: -121.313766
temp1: 23.513309 - temp2: -84.655716
temp1: 17.680367 - temp2: -118.473801
temp1: 17.152935 - temp2: -88.768471
temp1: 20.587950 - temp2: -122.453194
temp1: 17.888790 - temp2: -80.879120
temp1: 17.782219 - temp2: -120.411995
temp1: 13.246357 - temp2: -77.950645
temp1: 20.298349 - temp2: -111.771332
temp1: 21.778168 - temp2: -84.891098
temp1: 20.307589 - temp2: -106.389389
temp1: 25.252975 - temp2: -82.531677
temp1: 21.895945 - temp2: -113.159012
temp1: 21.374607 - temp2: -79.582054
temp1: 27.665255 - temp2: -105.089233
temp1: 26.755524 - temp2: -74.940750
temp1: 25.746889 - temp2: -114.391403
temp1: 25.716055 - temp2: -86.689209
temp1: 24.113007 - temp2: -116.890175
temp1: 26.896372 - temp2: -85.938866
temp1: 27.942926 - temp2: -113.422302
temp1: 22.720919 - temp2: -63.044624
temp1: 24.046019 - temp2: -116.432602
temp1: 23.766100 - temp2: -58.207226
temp1: 20.084951 - temp2: -109.272568
temp1: 23.506882 - temp2: -85.957520
temp1: 22.411877 - temp2: -120.411995
temp1: 22.418949 - temp2: -91.642242
temp1: 23.465992 - temp2: -107.844223
temp1: 20.822142 - temp2: -74.274681
temp1: 26.318932 - temp2: -111.440887
temp1: 25.389357 - temp2: -86.505737
temp1: 16.058453 - temp2: -113.159012
temp1: 23.060619 - temp2: -87.373802
temp1: 12.354545 - temp2: -126.432602
temp1: 13.758568 - temp2: -97.031174
temp1: 21.230053 - temp2: -109.272568
temp1: 16.421011 - temp2: -77.236458
temp1: 15.407786 - temp2: -114.324066
temp1: 21.454153 - temp2: -80.236443
temp1: 23.116852 - temp2: -110.304756
temp1: 23.710863 - temp2: -86.830276
temp1: 15.456313 - temp2: -116.432602
temp1: 20.642445 - temp2: -86.325775
temp1: 19.552977 - temp2: -108.303459
temp1: 23.890171 - temp2: -87.491104
temp1: 22.738491 - temp2: -107.294464
temp1: 14.821194 - temp2: -104.411804
temp1: 22.363430 - temp2: -113.422302
temp1: 26.221418 - temp2: -91.891777
temp1: 21.447546 - temp2: -115.293167
temp1: 25.761526 - temp2: -92.130234
temp1: 25.268219 - temp2: -106.432602
temp1: 23.463234 - temp2: -75.522087
temp1: 22.639275 - temp2: -116.890175
temp1: 16.608839 - temp2: -80.378845
temp1: 20.675014 - temp2: -116.890175
temp1: 21.388226 - temp2: -93.722900
temp1: 9.231311 - temp2: -114.176270
temp1: 24.239462 - temp2: -96.329605
temp1: 24.609087 - temp2: -109.530640
temp1: 21.444664 - temp2: -83.507828
temp1: 26.364862 - temp2: -111.381104
temp1: 26.741135 - temp2: -87.569954
temp1: 22.722178 - temp2: -114.324066
temp1: 23.633375 - temp2: -96.445648
temp1: 21.169384 - temp2: -118.473801
temp1: 24.641712 - temp2: -89.261719
temp1: 17.712711 - temp2: -116.093338
temp1: 14.936611 - temp2: -77.153702
temp1: 23.644506 - temp2: -116.432602
temp1: 7.265439 - temp2: -78.540680
temp1: 12.122160 - temp2: -132.453186
temp1: 16.129538 - temp2: -92.459274
temp1: 22.462883 - temp2: -114.391403
temp1: 18.521729 - temp2: -90.718719
temp1: 13.993125 - temp2: -114.241341
temp1: 21.848984 - temp2: -80.401154
temp1: 14.334794 - temp2: -119.442902
temp1: 15.154606 - temp2: -78.485031
temp1: 21.495079 - temp2: -116.432602
temp1: 20.593590 - temp2: -92.621452
temp1: 7.995618 - temp2: -118.303459
temp1: 19.484236 - temp2: -88.580719
temp1: 13.788782 - temp2: -122.910774
temp1: 21.422594 - temp2: -65.074905
temp1: 23.684277 - temp2: -126.432602
temp1: 8.968682 - temp2: -65.315369
temp1: 23.045990 - temp2: -110.091614
temp1: 18.191120 - temp2: -88.154869
temp1: 11.238078 - temp2: -118.824142
temp1: 22.252562 - temp2: -90.882866
temp1: 20.726950 - temp2: -111.771332
temp1: 21.216911 - temp2: -75.893906
temp1: 25.331137 - temp2: -112.453194
temp1: 24.005730 - temp2: -82.584366
temp1: 22.490643 - temp2: -111.440887
temp1: 26.143339 - temp2: -87.127693
temp1: 24.950258 - temp2: -120.148705
temp1: 24.547108 - temp2: -89.014587
temp1: 29.133930 - temp2: -108.303459
temp1: 25.318047 - temp2: -77.768250
temp1: 23.909883 - temp2: -110.494202
temp1: 24.898483 - temp2: -82.691513
temp1: 13.486952 - temp2: -122.345963
temp1: 20.693817 - temp2: -94.169014
temp1: 25.367268 - temp2: -112.585480
temp1: 24.640026 - temp2: -92.681343
temp1: 27.580906 - temp2: -107.844223
temp1: 26.242373 - temp2: -78.668129
temp1: 22.794046 - temp2: -116.860123
temp1: 28.502119 - temp2: -77.821060
temp1: 25.887920 - temp2: -110.174332
temp1: 21.504602 - temp2: -111.484100
temp1: 29.001522 - temp2: -106.564880
temp1: 27.416004 - temp2: -102.282867
temp1: 26.473057 - temp2: -117.401695
temp1: 29.045456 - temp2: -80.632019
temp1: 24.722515 - temp2: -126.432602
temp1: 25.184734 - temp2: -74.450424
temp1: 27.459009 - temp2: -106.938698
temp1: 20.448704 - temp2: -104.153732
temp1: 24.329355 - temp2: -114.128113
temp1: 24.337797 - temp2: -106.058334
temp1: 17.080858 - temp2: -110.304756
temp1: 14.147334 - temp2: -80.105881
temp1: 6.193499 - temp2: -114.128113
temp1: 19.619183 - temp2: -77.607750
temp1: 22.136164 - temp2: -107.592438
temp1: 20.223255 - temp2: -88.623306
temp1: 10.137924 - temp2: -111.922417
temp1: 24.365900 - temp2: -89.577072
temp1: 23.800898 - temp2: -110.802238
temp1: 12.550323 - temp2: -77.681046
temp1: 24.614254 - temp2: -111.808617
temp1: 24.693081 - temp2: -83.029747
temp1: 26.979044 - temp2: -105.065392
temp1: 25.828423 - temp2: -90.036736
temp1: 25.050407 - temp2: -107.138405
temp1: 26.092972 - temp2: -98.256943
temp1: 27.185305 - temp2: -107.401695
temp1: 24.387197 - temp2: -78.197006
temp1: 28.623808 - temp2: -107.401695
temp1: 27.434231 - temp2: -96.114471
temp1: 26.779318 - temp2: -115.293167
temp1: 29.630213 - temp2: -92.092903
temp1: 25.348293 - temp2: -106.975449
temp1: 23.798138 - temp2: -89.383377
temp1: 25.559921 - temp2: -110.304756
temp1: 23.103016 - temp2: -65.980545
temp1: 26.581821 - temp2: -113.368347
temp1: 23.798410 - temp2: -70.093697
temp1: 20.202246 - temp2: -112.585480
temp1: 23.104841 - temp2: -92.988670
temp1: 22.748775 - temp2: -110.869568
temp1: 24.510813 - temp2: -94.348183
temp1: 21.690331 - temp2: -111.484100
temp1: 22.045725 - temp2: -79.546616
temp1: 15.226055 - temp2: -112.189911
temp1: 21.993330 - temp2: -88.111984
temp1: 18.157156 - temp2: -112.540939
temp1: 15.903902 - temp2: -96.866112
temp1: 17.253202 - temp2: -112.108917
temp1: 23.799438 - temp2: -97.148636
temp1: 14.261568 - temp2: -119.442902
temp1: 25.798014 - temp2: -92.175629
temp1: 28.228363 - temp2: -110.869568
temp1: 24.733948 - temp2: -77.500626
temp1: 27.730124 - temp2: -108.107513
temp1: 26.084198 - temp2: -89.136902
temp1: 25.642212 - temp2: -107.138405
temp1: 28.247902 - temp2: -110.304756
temp1: 22.138376 - temp2: -109.530640
temp1: 22.466562 - temp2: -79.669502
temp1: 27.591431 - temp2: -107.138405
temp1: 26.885530 - temp2: -95.187561
temp1: 27.658810 - temp2: -117.401695
temp1: 28.874485 - temp2: -101.117813
temp1: 27.916855 - temp2: -108.107513
temp1: 27.414021 - temp2: -95.293167
temp1: 29.149956 - temp2: -104.391403
temp1: 29.659618 - temp2: -79.830772
temp1: 29.657307 - temp2: -110.869568
temp1: 28.905962 - temp2: -104.284164
temp1: 25.258253 - temp2: -116.432602
temp1: 26.307537 - temp2: -97.835220
temp1: 27.993568 - temp2: -106.169312
temp1: 25.426760 - temp2: -92.440948
temp1: 26.847931 - temp2: -105.750740
temp1: 26.801062 - temp2: -91.783234
temp1: 19.043570 - temp2: -118.473801
temp1: 21.306660 - temp2: -84.824310
temp1: 20.797682 - temp2: -111.652344
temp1: 5.795057 - temp2: -104.938477
temp1: 22.189114 - temp2: -115.293167
temp1: -5.702419 - temp2: -98.458191
temp1: 16.425192 - temp2: -112.453194
temp1: 14.682742 - temp2: -86.672531
temp1: 25.427505 - temp2: -111.808617
temp1: 25.114519 - temp2: -78.909271
temp1: 5.119296 - temp2: -112.585480
temp1: 19.865721 - temp2: -88.789902
temp1: 7.108412 - temp2: -113.045540
temp1: 20.721397 - temp2: -96.320068
temp1: 21.283363 - temp2: -108.779640
temp1: 13.589382 - temp2: -74.560699
temp1: 15.016202 - temp2: -110.839523
temp1: 22.306536 - temp2: -89.380806
temp1: 15.269726 - temp2: -116.890175
temp1: 20.729115 - temp2: -97.859276
temp1: 27.695551 - temp2: -109.781487
temp1: 20.219490 - temp2: -91.455009
temp1: 25.785770 - temp2: -112.453194
temp1: 25.442085 - temp2: -64.582535
temp1: 13.544106 - temp2: -inf
temp1: 27.775581 - temp2: -70.701378
temp1: 23.909145 - temp2: -112.282867
temp1: 22.954906 - temp2: -85.840378
temp1: 28.311560 - temp2: -104.391403
temp1: 24.806757 - temp2: -114.391403
temp1: 24.325724 - temp2: -111.085999
temp1: 26.215275 - temp2: -90.069725
temp1: 26.276274 - temp2: -112.585480
temp1: 23.341606 - temp2: -76.460457
temp1: 24.176485 - temp2: -110.072739
temp1: 18.501665 - temp2: -93.119339
temp1: 13.994412 - temp2: -118.157188
temp1: 24.582865 - temp2: -89.978371
temp1: 24.671104 - temp2: -113.422302
temp1: 25.745075 - temp2: -76.522598
temp1: 27.694729 - temp2: -109.272568
temp1: 23.170914 - temp2: -86.214401
temp1: 28.101639 - temp2: -106.262268
temp1: 28.142012 - temp2: -101.719681
temp1: 20.144009 - temp2: -111.381104
temp1: 21.302937 - temp2: -96.282150
temp1: 24.622532 - temp2: -110.411995
temp1: 25.664146 - temp2: -80.813362
temp1: 25.957663 - temp2: -112.453194
temp1: 27.321850 - temp2: -83.286133
temp1: 22.088404 - temp2: -106.389389
temp1: 20.757429 - temp2: -92.803535
temp1: 23.528921 - temp2: -119.442902
temp1: 13.645832 - temp2: -99.975922
temp1: 11.300108 - temp2: -119.900475
temp1: 22.449486 - temp2: -74.074966
temp1: 20.480389 - temp2: -120.411995
temp1: 15.062808 - temp2: -78.224457
temp1: 22.313471 - temp2: -113.422302
temp1: 22.080660 - temp2: -98.579300
temp1: 4.416273 - temp2: -114.324066
temp1: 20.914099 - temp2: -87.576157
temp1: 16.294962 - temp2: -114.391403
temp1: 12.742662 - temp2: -79.009186
temp1: 23.884750 - temp2: -109.189842
temp1: 24.133911 - temp2: -77.021759
temp1: 25.822031 - temp2: -109.272568
temp1: 28.311470 - temp2: -89.530640
temp1: 26.021366 - temp2: -106.262268
temp1: 28.165131 - temp2: -108.579300
temp1: 27.386028 - temp2: -113.422302
temp1: 24.976311 - temp2: -82.623070
temp1: 27.947704 - temp2: -110.869568
temp1: 29.113571 - temp2: -78.192123
temp1: 27.751667 - temp2: -107.401695
temp1: 27.052265 - temp2: -92.777718
temp1: 29.339851 - temp2: -104.052132
temp1: 27.873098 - temp2: -94.260391
temp1: 26.726942 - temp2: -107.401695
temp1: 28.534428 - temp2: -83.061951
temp1: 26.204130 - temp2: -107.401695
temp1: 25.681049 - temp2: -84.084328
temp1: 27.388544 - temp2: -113.422302
temp1: 26.076834 - temp2: -98.316849
temp1: 28.601263 - temp2: -108.370804
temp1: 27.960915 - temp2: -99.575180
temp1: 26.241034 - temp2: -106.008820
temp1: 26.808760 - temp2: -67.745766
temp1: 25.015965 - temp2: -116.890175
temp1: 22.777100 - temp2: -75.680305
temp1: 23.380898 - temp2: -109.900475
temp1: 16.449940 - temp2: -97.565926
temp1: 20.978012 - temp2: -110.411995
temp1: 23.487411 - temp2: -94.153732
temp1: 22.401846 - temp2: -116.890175
temp1: 20.841751 - temp2: -79.700081
temp1: 17.828190 - temp2: -116.890175
temp1: 21.778318 - temp2: -96.587326
temp1: 13.444853 - temp2: -119.442902
temp1: 14.735049 - temp2: -89.921272
temp1: 22.267048 - temp2: -116.325363
temp1: 7.752861 - temp2: -101.600296
temp1: 23.736361 - temp2: -109.442902
temp1: 27.784100 - temp2: -76.513420
temp1: 16.769382 - temp2: -115.356262
temp1: 18.246010 - temp2: -77.699509
temp1: 20.641228 - temp2: -115.551231
temp1: 15.569049 - temp2: -87.693436
temp1: 23.513634 - temp2: -113.422302
temp1: 25.523018 - temp2: -89.238403
temp1: 23.431068 - temp2: -115.802078
temp1: 27.630337 - temp2: -84.154739
temp1: 23.530720 - temp2: -112.282867
temp1: 22.123074 - temp2: -82.151863
temp1: 26.904325 - temp2: -112.453194
temp1: 24.534065 - temp2: -90.677757
temp1: 25.896935 - temp2: -114.128113
temp1: 27.696836 - temp2: -92.953445
temp1: 24.402225 - temp2: -108.155678
temp1: 27.525194 - temp2: -97.006317
temp1: 28.426645 - temp2: -111.381104
temp1: 19.385273 - temp2: -77.793945
temp1: 24.775618 - temp2: -111.381104
temp1: 23.804264 - temp2: -93.725807
temp1: 15.322641 - temp2: -114.324066
temp1: 24.187593 - temp2: -90.692795
temp1: 23.022621 - temp2: -114.128113
temp1: 21.771358 - temp2: -89.949730
temp1: 23.164274 - temp2: -114.128113
temp1: 14.411333 - temp2: -87.433708
temp1: 17.644279 - temp2: -124.494400
temp1: 22.060650 - temp2: -97.711037
temp1: 20.064247 - temp2: -115.293167
temp1: 22.125177 - temp2: -89.258186
temp1: 23.454952 - temp2: -114.324066
temp1: 18.609642 - temp2: -83.490082
temp1: 21.418135 - temp2: -117.829216
temp1: 22.027218 - temp2: -76.049339
temp1: 23.288343 - temp2: -113.368347
temp1: 25.046499 - temp2: -93.067505
temp1: 20.387259 - temp2: -121.822678
temp1: 21.525011 - temp2: -114.599899
temp1: 22.154959 - temp2: -112.282867
temp1: 21.916817 - temp2: -102.147202
temp1: 23.258059 - temp2: -115.293167
temp1: 13.822821 - temp2: -83.905762
temp1: 19.296555 - temp2: -115.921082
temp1: 18.647825 - temp2: -96.142815
temp1: 11.159839 - temp2: -121.313766
temp1: 21.116049 - temp2: -86.135109
temp1: 19.335215 - temp2: -114.800247
temp1: 10.830146 - temp2: -73.929405
temp1: 22.979958 - temp2: -132.453186
temp1: 13.361149 - temp2: -72.043991
temp1: 17.266283 - temp2: -117.645943
temp1: 27.459244 - temp2: -91.784729
temp1: 17.611944 - temp2: -122.910774
temp1: 14.897279 - temp2: -94.585686
temp1: 25.065296 - temp2: -114.128113
temp1: 9.953309 - temp2: -84.387787
temp1: 18.345310 - temp2: -122.880714
temp1: 20.312366 - temp2: -82.056839
temp1: 13.117979 - temp2: -112.980698
temp1: 23.745089 - temp2: -93.819969
temp1: 17.631845 - temp2: -120.148705
temp1: 15.155295 - temp2: -95.475677
temp1: 23.387524 - temp2: -109.272568
temp1: 20.554285 - temp2: -82.426949
temp1: 16.674877 - temp2: -116.432602
temp1: 18.808357 - temp2: -79.285950
temp1: 11.250920 - temp2: -116.093338
temp1: 9.175573 - temp2: -97.439873
temp1: 20.417152 - temp2: -118.606079
temp1: 18.185436 - temp2: -94.489532
temp1: 18.299139 - temp2: -109.481064
temp1: 14.093479 - temp2: -86.968079
temp1: 17.756489 - temp2: -115.293167
temp1: 21.494576 - temp2: -82.820984
temp1: 22.634132 - temp2: -115.293167
temp1: 21.171970 - temp2: -92.784744
temp1: 23.257641 - temp2: -111.808617
temp1: 22.804749 - temp2: -108.107513
temp1: 23.306137 - temp2: -110.494202
temp1: 21.170853 - temp2: -75.527405
temp1: 23.677074 - temp2: -116.890175
temp1: 27.087673 - temp2: -76.963448
temp1: 29.219301 - temp2: -107.401695
temp1: 27.879379 - temp2: -101.208153
temp1: 25.017231 - temp2: -109.189842
temp1: 24.531830 - temp2: -89.793640
temp1: 24.482758 - temp2: -112.453194
temp1: 25.793602 - temp2: -82.875214
temp1: 26.222399 - temp2: -112.585480
temp1: 28.772747 - temp2: -79.007858
temp1: 31.177959 - temp2: -103.169243
temp1: 29.823898 - temp2: -97.231369
temp1: 28.410637 - temp2: -104.473602
temp1: 28.315548 - temp2: -104.391403
temp1: 26.573774 - temp2: -111.381104
temp1: 27.895967 - temp2: -87.179482
temp1: 27.323677 - temp2: -111.381104
temp1: 25.437183 - temp2: -85.378494
temp1: 27.913982 - temp2: -107.401695
temp1: 28.720129 - temp2: -91.268570
temp1: 27.869591 - temp2: -111.381104
temp1: 27.285233 - temp2: -98.887207
temp1: 26.535503 - temp2: -108.633034
temp1: 26.126823 - temp2: -87.423332
temp1: 23.430706 - temp2: -111.117813
temp1: 26.781378 - temp2: -104.781639
temp1: 28.297567 - temp2: -106.878128
temp1: 26.354618 - temp2: -93.169243
temp1: 28.372011 - temp2: -103.251961
temp1: 29.488842 - temp2: -94.512497
temp1: 26.035540 - temp2: -110.174332
temp1: 26.104181 - temp2: -72.079491
temp1: 25.507023 - temp2: -113.422302
temp1: 19.933432 - temp2: -69.683167
temp1: 21.432930 - temp2: -112.453194
temp1: 19.934509 - temp2: -92.538719
temp1: 21.694313 - temp2: -125.463493
temp1: 27.474005 - temp2: -91.602432
temp1: 24.774426 - temp2: -111.381104
temp1: 23.369181 - temp2: -96.771179
temp1: 26.612215 - temp2: -108.236130
temp1: 22.279751 - temp2: -83.339279
temp1: 22.964430 - temp2: -105.901810
temp1: 23.939686 - temp2: -89.352638
temp1: 19.312017 - temp2: -113.159012
temp1: 24.732967 - temp2: -88.547379
temp1: 23.772411 - temp2: -106.911331
temp1: 19.268108 - temp2: -81.230652
temp1: 26.763119 - temp2: -114.391403
temp1: 24.940002 - temp2: -79.972778
temp1: 22.844204 - temp2: -108.779640
temp1: 28.505764 - temp2: -95.158310
temp1: 23.460278 - temp2: -108.633034
temp1: 25.136766 - temp2: -87.880890
temp1: 28.067247 - temp2: -101.660477
temp1: 23.124668 - temp2: -78.062759
temp1: 26.060608 - temp2: -109.900475
temp1: 24.561234 - temp2: -87.085098
temp1: 23.759392 - temp2: -108.366554
temp1: 28.528477 - temp2: -91.164032
temp1: 24.144878 - temp2: -109.442902
temp1: 23.053947 - temp2: -97.697937
temp1: 26.310442 - temp2: -106.008820
temp1: 26.064474 - temp2: -78.886360
temp1: 28.595972 - temp2: -109.272568
temp1: 28.650038 - temp2: -76.405930
temp1: 23.744061 - temp2: -110.304756
temp1: 20.477674 - temp2: -95.494881
temp1: 21.019800 - temp2: -111.484100
temp1: 23.905279 - temp2: -88.989479
temp1: 22.504339 - temp2: -105.185928
temp1: 17.655008 - temp2: -83.991058
temp1: 14.969386 - temp2: -119.442902
temp1: 19.824673 - temp2: -80.218918
temp1: 20.693901 - temp2: -105.604744
temp1: 18.202875 - temp2: -96.489151
temp1: 21.191734 - temp2: -110.721344
temp1: 21.020145 - temp2: -95.020454
temp1: 22.264503 - temp2: -114.128113
temp1: 23.501608 - temp2: -83.192032
temp1: 13.838404 - temp2: -129.442902
temp1: 9.804052 - temp2: -81.460503
temp1: 17.423544 - temp2: -112.585480
temp1: 13.962320 - temp2: -110.041466
temp1: 18.896101 - temp2: -116.591553
temp1: 17.921618 - temp2: -94.342812
temp1: 8.785207 - temp2: -113.368347
temp1: 16.911022 - temp2: -86.922714
temp1: 10.216793 - temp2: -112.078934
temp1: 19.647816 - temp2: -88.557999
temp1: 16.411976 - temp2: -113.819969
temp1: 12.082897 - temp2: -92.295830
temp1: 10.616632 - temp2: -115.293167
temp1: 14.804173 - temp2: -89.421021
temp1: 20.484703 - temp2: -119.388954
temp1: 9.628262 - temp2: -63.199333
mean: 22.108086 - std_dev: 4.777712
outliers at index : 0
outliers at index : 1
Max idx : 1 - max amp: 90.119949 - max freq : 100.000000
[0;32mI (12297) [FFT] : FFT computed[0m
[0;32mI (12301) view: Data min[237] = -5.702419, Data max[1] = 90.119949[0m
 ________________________________________________________________
0|                                                               |
1|||||||||||||||||||||||||||||||||||||||||||||||||| |||||||||||  |
2|                            |                    |           |||
3                                                                |
4                                                                |
5                                                                |
6                                                                |
7                                                                |
8                                                                |
9                                                                |
 0123456789012345678901234567890123456789012345678901234567890123
[0;32mI (12379) view: Plot: Length=512, min=-128.000000, max=64.000000[0m
[0;32mI (12385) [FFT] : FFT graph view computed[0m
[0;32mI (12390) main_task: Returned from app_main()[0m
