ESP-ROM:esp32s3-20210327
Build:Mar 27 2021
rst:0x1 (POWERON),boot:0x8 (SPI_FAST_FLASH_BOOT)
SPIWP:0xee
mode:DIO, clock div:1
load:0x3fce2810,len:0x178c
load:0x403c8700,len:0x4
load:0x403c8704,len:0xcb8
load:0x403cb700,len:0x2d9c
entry 0x403c8914
[0;32mI (27) boot: ESP-IDF v5.3-dev-2265-gfdb7a43752-dirty 2nd stage bootloader[0m
[0;32mI (27) boot: compile time May 11 2024 10:32:13[0m
[0;32mI (28) boot: Multicore bootloader[0m
[0;32mI (32) boot: chip revision: v0.1[0m
[0;32mI (36) boot.esp32s3: Boot SPI Speed : 80MHz[0m
[0;32mI (41) boot.esp32s3: SPI Mode       : DIO[0m
[0;32mI (45) boot.esp32s3: SPI Flash Size : 2MB[0m
[0;32mI (50) boot: Enabling RNG early entropy source...[0m
[0;32mI (56) boot: Partition Table:[0m
[0;32mI (59) boot: ## Label            Usage          Type ST Offset   Length[0m
[0;32mI (66) boot:  0 nvs              WiFi data        01 02 00009000 00006000[0m
[0;32mI (74) boot:  1 phy_init         RF data          01 01 0000f000 00001000[0m
[0;32mI (81) boot:  2 factory          factory app      00 00 00010000 00100000[0m
[0;32mI (89) boot: End of partition table[0m
[0;32mI (93) esp_image: segment 0: paddr=00010020 vaddr=3c020020 size=0d21ch ( 53788) map[0m
[0;32mI (111) esp_image: segment 1: paddr=0001d244 vaddr=3fc91900 size=02914h ( 10516) load[0m
[0;32mI (114) esp_image: segment 2: paddr=0001fb60 vaddr=40374000 size=004b8h (  1208) load[0m
[0;32mI (119) esp_image: segment 3: paddr=00020020 vaddr=42000020 size=1aed8h (110296) map[0m
[0;32mI (147) esp_image: segment 4: paddr=0003af00 vaddr=403744b8 size=0d428h ( 54312) load[0m
[0;32mI (164) boot: Loaded app from partition at offset 0x10000[0m
[0;32mI (164) boot: Disabling RNG early entropy source...[0m
[0;32mI (176) cpu_start: Multicore app[0m
[0;32mI (186) cpu_start: Pro cpu start user code[0m
[0;32mI (186) cpu_start: cpu freq: 160000000 Hz[0m
[0;32mI (186) app_init: Application information:[0m
[0;32mI (189) app_init: Project name:     fft[0m
[0;32mI (193) app_init: App version:      29fa922[0m
[0;32mI (198) app_init: Compile time:     May 11 2024 16:02:43[0m
[0;32mI (204) app_init: ELF file SHA256:  0b9d8b590...[0m
[0;32mI (209) app_init: ESP-IDF:          v5.3-dev-2265-gfdb7a43752-dirty[0m
[0;32mI (216) app_init: Min chip rev:     v0.0[0m
[0;32mI (221) app_init: Max chip rev:     v0.99 [0m
[0;32mI (226) app_init: Chip rev:         v0.1[0m
[0;32mI (230) heap_init: Initializing. RAM available for dynamic allocation:[0m
[0;32mI (238) heap_init: At 3FC95CF0 len 00053A20 (334 KiB): RAM[0m
[0;32mI (244) heap_init: At 3FCE9710 len 00005724 (21 KiB): RAM[0m
[0;32mI (250) heap_init: At 3FCF0000 len 00008000 (32 KiB): DRAM[0m
[0;32mI (256) heap_init: At 600FE010 len 00001FD8 (7 KiB): RTCRAM[0m
[0;32mI (263) spi_flash: detected chip: gd[0m
[0;32mI (266) spi_flash: flash io: dio[0m
[0;33mW (270) spi_flash: Detected size(8192k) larger than the size in the binary image header(2048k). Using the size in the binary image header.[0m
[0;32mI (284) sleep: Configure to isolate all GPIO pins in sleep state[0m
[0;32mI (290) sleep: Enable automatic switching of GPIO sleep configuration[0m
[0;32mI (298) main_task: Started on CPU0[0m
[0;32mI (318) main_task: Calling app_main()[0m
[0;32mI (318) [FFT] : Hann window generated[0m
[0;32mI (328) [FFT] : Input test wave generated[0m
[0;32mI (328) [FFT] : Output populating completed[0m
Guru Meditation Error: Core  0 panic'ed (LoadProhibited). Exception was unhandled.

Core  0 register dump:
PC      : 0x42019272  PS      : 0x00060330  A0      : 0x82008c9f  A1      : 0x3fc987d0  
A2      : 0x3fc94af4  A3      : 0x00000100  A4      : 0x00000000  A5      : 0x00000001  
A6      : 0x00000080  A7      : 0x00000001  A8      : 0x00000000  A9      : 0x3fc98780  
A10     : 0x00000000  A11     : 0x00000000  A12     : 0x3c025314  A13     : 0x3fc987e0  
A14     : 0x3fc987c0  A15     : 0x0000000c  SAR     : 0x00000001  EXCCAUSE: 0x0000001c  
EXCVADDR: 0x00000000  LBEG    : 0x400556d5  LEND    : 0x400556e5  LCOUNT  : 0xfffffffe  


Backtrace: 0x4201926f:0x3fc987d0 0x42008c9c:0x3fc987e0 0x42008d80:0x3fc98820 0x4201a6d3:0x3fc98840 0x4037a18d:0x3fc98870




ELF file SHA256: 0b9d8b590

Rebooting...
ï¿½ï¿½ï¿½ESP-ROM:esp32s3-20210327
Build:Mar 27 2021
rst:0xc (RTC_SW_CPU_RST),boot:0x8 (SPI_FAST_FLASH_BOOT)
Saved PC:0x40375894
SPIWP:0xee
mode:DIO, clock div:1
load:0x3fce2810,len:0x178c
load:0x403c8700,len:0x4
load:0x403c8704,len:0xcb8
load:0x403cb700,len:0x2d9c
entry 0x403c8914
[0;32mI (31) boot: ESP-IDF v5.3-dev-2265-gfdb7a43752-dirty 2nd stage bootloader[0m
[0;32mI (31) boot: compile time May 11 2024 10:32:13[0m
[0;32mI (32) boot: Multicore bootloader[0m
[0;32mI (36) boot: chip revision: v0.1[0m
[0;32mI (40) boot.esp32s3: Boot SPI Speed : 80MHz[0m
[0;32mI (45) boot.esp32s3: SPI Mode       : DIO[0m
[0;32mI (50) boot.esp32s3: SPI Flash Size : 2MB[0m
[0;32mI (55) boot: Enabling RNG early entropy source...[0m
[0;32mI (60) boot: Partition Table:[0m
[0;32mI (63) boot: ## Label            Usage          Type ST Offset   Length[0m
[0;32mI (71) boot:  0 nvs              WiFi data        01 02 00009000 00006000[0m
[0;32mI (78) boot:  1 phy_init         RF data          01 01 0000f000 00001000[0m
[0;32mI (86) boot:  2 factory          factory app      00 00 00010000 00100000[0m
[0;32mI (93) boot: End of partition table[0m
[0;32mI (97) esp_image: segment 0: paddr=00010020 vaddr=3c020020 size=0d21ch ( 53788) map[0m
[0;32mI (115) esp_image: segment 1: paddr=0001d244 vaddr=3fc91900 size=02914h ( 10516) load[0m
[0;32mI (118) esp_image: segment 2: paddr=0001fb60 vaddr=40374000 size=004b8h (  1208) load[0m
[0;32mI (123) esp_image: segment 3: paddr=00020020 vaddr=42000020 size=1aed8h (110296) map[0m
[0;32mI (151) esp_image: segment 4: paddr=0003af00 vaddr=403744b8 size=0d428h ( 54312) load[0m
[0;32mI (169) boot: Loaded app from partition at offset 0x10000[0m
[0;32mI (169) boot: Disabling RNG early entropy source...[0m
[0;32mI (180) cpu_start: Multicore app[0m
[0;32mI (190) cpu_start: Pro cpu start user code[0m
[0;32mI (190) cpu_start: cpu freq: 160000000 Hz[0m
[0;32mI (190) app_init: Application information:[0m
[0;32mI (193) app_init: Project name:     fft[0m
[0;32mI (198) app_init: App version:      29fa922[0m
[0;32mI (202) app_init: Compile time:     May 11 2024 16:02:43[0m
[0;32mI (208) app_init: ELF file SHA256:  0b9d8b590...[0m
[0;32mI (214) app_init: ESP-IDF:          v5.3-dev-2265-gfdb7a43752-dirty[0m
[0;32mI (221) app_init: Min chip rev:     v0.0[0m
[0;32mI (225) app_init: Max chip rev:     v0.99 [0m
[0;32mI (230) app_init: Chip rev:         v0.1[0m
[0;32mI (235) heap_init: Initializing. RAM available for dynamic allocation:[0m
[0;32mI (242) heap_init: At 3FC95CF0 len 00053A20 (334 KiB): RAM[0m
[0;32mI (248) heap_init: At 3FCE9710 len 00005724 (21 KiB): RAM[0m
[0;32mI (254) heap_init: At 3FCF0000 len 00008000 (32 KiB): DRAM[0m
[0;32mI (260) heap_init: At 600FE010 len 00001FD8 (7 KiB): RTCRAM[0m
[0;32mI (267) spi_flash: detected chip: gd[0m
[0;32mI (271) spi_flash: flash io: dio[0m
[0;33mW (275) spi_flash: Detected size(8192k) larger than the size in the binary image header(2048k). Using the size in the binary image header.[0m
[0;32mI (288) sleep: Configure to isolate all GPIO pins in sleep state[0m
[0;32mI (295) sleep: Enable automatic switching of GPIO sleep configuration[0m
[0;32mI (302) main_task: Started on CPU0[0m
[0;32mI (322) main_task: Calling app_main()[0m
[0;32mI (322) [FFT] : Hann window generated[0m
[0;32mI (332) [FFT] : Input test wave generated[0m
[0;32mI (332) [FFT] : Output populating completed[0m
Guru Meditation Error: Core  0 panic'ed (LoadProhibited). Exception was unhandled.

Core  0 register dump:
PC      : 0x42019272  PS      : 0x00060330  A0      : 0x82008c9f  A1      : 0x3fc987d0  
A2      : 0x3fc94af4  A3      : 0x00000100  A4      : 0x00000000  A5      : 0x00000001  
A6      : 0x00000080  A7      : 0x00000001  A8      : 0x00000000  A9      : 0x3fc98780  
A10     : 0x00000000  A11     : 0x00000000  A12     : 0x3c025314  A13     : 0x3fc987e0  
A14     : 0x3fc987c0  A15     : 0x0000000c  SAR     : 0x00000001  EXCCAUSE: 0x0000001c  
EXCVADDR: 0x00000000  LBEG    : 0x400556d5  LEND    : 0x400556e5  LCOUNT  : 0xfffffffe  


Backtrace: 0x4201926f:0x3fc987d0 0x42008c9c:0x3fc987e0 0x42008d80:0x3fc98820 0x4201a6d3:0x3fc98840 0x4037a18d:0x3fc98870




ELF file SHA256: 0b9d8b590

Rebooting...
ï¿½ï¿½ï¿½ESP-ROM:esp32s3-20210327
Build:Mar 27 2021
rst:0xc (RTC_SW_CPU_RST),boot:0x8 (SPI_FAST_FLASH_BOOT)
Saved PC:0x40375894
SPIWP:0xee
mode:DIO, clock div:1
load:0x3fce2810,len:0x178c
load:0x403c8700,len:0x4
load:0x403c8704,len:0xcb8
load:0x403cb700,len:0x2d9c
entry 0x403c8914
[0;32mI (31) boot: ESP-IDF v5.3-dev-2265-gfdb7a43752-dirty 2nd stage bootloader[0m
[0;32mI (31) boot: compile time May 11 2024 10:32:13[0m
[0;32mI (32) boot: Multicore bootloader[0m
[0;32mI (36) boot: chip revision: v0.1[0m
[0;32mI (40) boot.esp32s3: Boot SPI Speed : 80MHz[0m
[0;32mI (45) boot.esp32s3: SPI Mode       : DIO[0m
[0;32mI (50) boot.esp32s3: SPI Flash Size : 2MB[0m
[0;32mI (55) boot: Enabling RNG early entropy source...[0m
[0;32mI (60) boot: Partition Table:[0m
[0;32mI (63) boot: ## Label            Usage          Type ST Offset   Length[0m
[0;32mI (71) boot:  0 nvs              WiFi data        01 02 00009000 00006000[0m
[0;32mI (78) boot:  1 phy_init         RF data          01 01 0000f000 00001000[0m
[0;32mI (86) boot:  2 factory          factory app      00 00 00010000 00100000[0m
[0;32mI (93) boot: End of partition table[0m
[0;32mI (97) esp_image: segment 0: paddr=00010020 vaddr=3c020020 size=0d21ch ( 53788) map[0m
[0;32mI (115) esp_image: segment 1: paddr=0001d244 vaddr=3fc91900 size=02914h ( 10516) load[0m
[0;32mI (118) esp_image: segment 2: paddr=0001fb60 vaddr=40374000 size=004b8h (  1208) load[0m
[0;32mI (123) esp_image: segment 3: paddr=00020020 vaddr=42000020 size=1aed8h (110296) map[0m
[0;32mI (151) esp_image: segment 4: paddr=0003af00 vaddr=403744b8 size=0d428h ( 54312) load[0m
[0;32mI (169) boot: Loaded app from partition at offset 0x10000[0m
[0;32mI (169) boot: Disabling RNG early entropy source...[0m
[0;32mI (180) cpu_start: Multicore app[0m
[0;32mI (190) cpu_start: Pro cpu start user code[0m
[0;32mI (190) cpu_start: cpu freq: 160000000 Hz[0m
[0;32mI (190) app_init: Application information:[0m
[0;32mI (193) app_init: Project name:     fft[0m
[0;32mI (198) app_init: App version:      29fa922[0m
[0;32mI (202) app_init: Compile time:     May 11 2024 16:02:43[0m
[0;32mI (208) app_init: ELF file SHA256:  0b9d8b590...[0m
[0;32mI (214) app_init: ESP-IDF:          v5.3-dev-2265-gfdb7a43752-dirty[0m
[0;32mI (221) app_init: Min chip rev:     v0.0[0m
[0;32mI (225) app_init: Max chip rev:     v0.99 [0m
[0;32mI (230) app_init: Chip rev:         v0.1[0m
[0;32mI (235) heap_init: Initializing. RAM available for dynamic allocation:[0m
[0;32mI (242) heap_init: At 3FC95CF0 len 00053A20 (334 KiB): RAM[0m
[0;32mI (248) heap_init: At 3FCE9710 len 00005724 (21 KiB): RAM[0m
[0;32mI (254) heap_init: At 3FCF0000 len 00008000 (32 KiB): DRAM[0m
[0;32mI (260) heap_init: At 600FE010 len 00001FD8 (7 KiB): RTCRAM[0m
[0;32mI (267) spi_flash: detected chip: gd[0m
[0;32mI (271) spi_flash: flash io: dio[0m
[0;33mW (275) spi_flash: Detected size(8192k) larger than the size in the binary image header(2048k). Using the size in the binary image header.[0m
[0;32mI (288) sleep: Configure to isolate all GPIO pins in sleep state[0m
[0;32mI (295) sleep: Enable automatic switching of GPIO sleep configuration[0m
[0;32mI (302) main_task: Started on CPU0[0m
[0;32mI (322) main_task: Calling app_main()[0m
[0;32mI (322) [FFT] : Hann window generated[0m
[0;32mI (332) [FFT] : Input test wave generated[0m
[0;32mI (332) [FFT] : Output populating completed[0m
Guru Meditation Error: Core  0 panic'ed (LoadProhibited). Exception was unhandled.

Core  0 register dump:
PC      : 0x42019272  PS      : 0x00060330  A0      : 0x82008c9f  A1      : 0x3fc987d0  
A2      : 0x3fc94af4  A3      : 0x00000100  A4      : 0x00000000  A5      : 0x00000001  
A6      : 0x00000080  A7      : 0x00000001  A8      : 0x00000000  A9      : 0x3fc98780  
A10     : 0x00000000  A11     : 0x00000000  A12     : 0x3c025314  A13     : 0x3fc987e0  
A14     : 0x3fc987c0  A15     : 0x0000000c  SAR     : 0x00000001  EXCCAUSE: 0x0000001c  
EXCVADDR: 0x00000000  LBEG    : 0x400556d5  LEND    : 0x400556e5  LCOUNT  : 0xfffffffe  


Backtrace: 0x4201926f:0x3fc987d0 0x42008c9c:0x3fc987e0 0x42008d80:0x3fc98820 0x4201a6d3:0x3fc98840 0x4037a18d:0x3fc98870




ELF file SHA256: 0b9d8b590

Rebooting...
ï¿½ï¿½ï¿½ESP-ROM:esp32s3-20210327
Build:Mar 27 2021
rst:0xc (RTC_SW_CPU_RST),boot:0x8 (SPI_FAST_FLASH_BOOT)
Saved PC:0x40375894
SPIWP:0xee
mode:DIO, clock div:1
load:0x3fce2810,len:0x178c
load:0x403c8700,len:0x4
load:0x403c8704,len:0xcb8
load:0x403cb700,len:0x2d9c
entry 0x403c8914
[0;32mI (31) boot: ESP-IDF v5.3-dev-2265-gfdb7a43752-dirty 2nd stage bootloader[0m
[0;32mI (31) boot: compile time May 11 2024 10:32:13[0m
[0;32mI (32) boot: Multicore bootloader[0m
[0;32mI (36) boot: chip revision: v0.1[0m
[0;32mI (40) boot.esp32s3: Boot SPI Speed : 80MHz[0m
[0;32mI (45) boot.esp32s3: SPI Mode       : DIO[0m
[0;32mI (50) boot.esp32s3: SPI Flash Size : 2MB[0m
[0;32mI (55) boot: Enabling RNG early entropy source...[0m
[0;32mI (60) boot: Partition Table:[0m
[0;32mI (63) boot: ## Label            Usage          Type ST Offset   Length[0m
[0;32mI (71) boot:  0 nvs              WiFi data        01 02 00009000 00006000[0m
[0;32mI (78) boot:  1 phy_init         RF data          01 01 0000f000 00001000[0m
[0;32mI (86) boot:  2 factory          factory app      00 00 00010000 00100000[0m
[0;32mI (93) boot: End of partition table[0m
[0;32mI (97) esp_image: segment 0: paddr=00010020 vaddr=3c020020 size=0d21ch ( 53788) map[0m
[0;32mI (115) esp_image: segment 1: paddr=0001d244 vaddr=3fc91900 size=02914h ( 10516) load[0m
[0;32mI (118) esp_image: segment 2: paddr=0001fb60 vaddr=40374000 size=004b8h (  1208) load[0m
[0;32mI (123) esp_image: segment 3: paddr=00020020 vaddr=42000020 size=1aed8h (110296) map[0m
[0;32mI (151) esp_image: segment 4: paddr=0003af00 vaddr=403744b8 size=0d428h ( 54312) load[0m
[0;32mI (169) boot: Loaded app from partition at offset 0x10000[0m
[0;32mI (169) boot: Disabling RNG early entropy source...[0m
[0;32mI (180) cpu_start: Multicore app[0m
[0;32mI (190) cpu_start: Pro cpu start user code[0m
[0;32mI (190) cpu_start: cpu freq: 160000000 Hz[0m
[0;32mI (190) app_init: Application information:[0m
[0;32mI (193) app_init: Project name:     fft[0m
[0;32mI (198) app_init: App version:      29fa922[0m
[0;32mI (202) app_init: Compile time:     May 11 2024 16:02:43[0m
[0;32mI (208) app_init: ELF file SHA256:  0b9d8b590...[0m
[0;32mI (214) app_init: ESP-IDF:          v5.3-dev-2265-gfdb7a43752-dirty[0m
[0;32mI (221) app_init: Min chip rev:     v0.0[0m
[0;32mI (225) app_init: Max chip rev:     v0.99 [0m
[0;32mI (230) app_init: Chip rev:         v0.1[0m
[0;32mI (235) heap_init: Initializing. RAM available for dynamic allocation:[0m
[0;32mI (242) heap_init: At 3FC95CF0 len 00053A20 (334 KiB): RAM[0m
[0;32mI (248) heap_init: At 3FCE9710 len 00005724 (21 KiB): RAM[0m
[0;32mI (254) heap_init: At 3FCF0000 len 00008000 (32 KiB): DRAM[0m
[0;32mI (260) heap_init: At 600FE010 len 00001FD8 (7 KiB): RTCRAM[0m
[0;32mI (267) spi_flash: detected chip: gd[0m
[0;32mI (271) spi_flash: flash io: dio[0m
[0;33mW (275) spi_flash: Detected size(8192k) larger than the size in the binary image header(2048k). Using the size in the binary image header.[0m
[0;32mI (288) sleep: Configure to isolate all GPIO pins in sleep state[0m
[0;32mI (295) sleep: Enable automatic switching of GPIO sleep configuration[0m
[0;32mI (302) main_task: Started on CPU0[0m
[0;32mI (322) main_task: Calling app_main()[0m
[0;32mI (322) [FFT] : Hann window generated[0m
[0;32mI (332) [FFT] : Input test wave generated[0m
[0;32mI (332) [FFT] : Output populating completed[0m
Guru Meditation Error: Core  0 panic'ed (LoadProhibited). Exception was unhandled.

Core  0 register dump:
PC      : 0x42019272  PS      : 0x00060330  A0      : 0x82008c9f  A1      : 0x3fc987d0  
A2      : 0x3fc94af4  A3      : 0x00000100  A4      : 0x00000000  A5      : 0x00000001  
A6      : 0x00000080  A7      : 0x00000001  A8      : 0x00000000  A9      : 0x3fc98780  
A10     : 0x00000000  A11     : 0x00000000  A12     : 0x3c025314  A13     : 0x3fc987e0  
A14     : 0x3fc987c0  A15     : 0x0000000c  SAR     : 0x00000001  EXCCAUSE: 0x0000001c  
EXCVADDR: 0x00000000  LBEG    : 0x400556d5  LEND    : 0x400556e5  LCOUNT  : 0xfffffffe  


Backtrace: 0x4201926f:0x3fc987d0 0x42008c9c:0x3fc987e0 0x42008d80:0x3fc98820 0x4201a6d3:0x3fc98840 0x4037a18d:0x3fc98870




ELF file SHA256: 0b9d8b590

Rebooting...
ï¿½ï¿½ï¿½ESP-ROM:esp32s3-20210327
Build:Mar 27 2021
rst:0xc (RTC_SW_CPU_RST),boot:0x8 (SPI_FAST_FLASH_BOOT)
Saved PC:0x40375894
SPIWP:0xee
mode:DIO, clock div:1
load:0x3fce2810,len:0x178c
load:0x403c8700,len:0x4
load:0x403c8704,len:0xcb8
load:0x403cb700,len:0x2d9c
entry 0x403c8914
[0;32mI (31) boot: ESP-IDF v5.3-dev-2265-gfdb7a43752-dirty 2nd stage bootloader[0m
[0;32mI (31) boot: compile time May 11 2024 10:32:13[0m
[0;32mI (32) boot: Multicore bootloader[0m
[0;32mI (36) boot: chip revision: v0.1[0m
[0;32mI (40) boot.esp32s3: Boot SPI Speed : 80MHz[0m
[0;32mI (45) boot.esp32s3: SPI Mode       : DIO[0m
[0;32mI (50) boot.esp32s3: SPI Flash Size : 2MB[0m
[0;32mI (55) boot: Enabling RNG early entropy source...[0m
[0;32mI (60) boot: Partition Table:[0m
[0;32mI (63) boot: ## Label            Usage          Type ST Offset   Length[0m
[0;32mI (71) boot:  0 nvs              WiFi data        01 02 00009000 00006000[0m
[0;32mI (78) boot:  1 phy_init         RF data          01 01 0000f000 00001000[0m
[0;32mI (86) boot:  2 factory          factory app      00 00 00010000 00100000[0m
[0;32mI (93) boot: End of partition table[0m
[0;32mI (97) esp_image: segment 0: paddr=00010020 vaddr=3c020020 size=0d21ch ( 53788) map[0m
[0;32mI (115) esp_image: segment 1: paddr=0001d244 vaddr=3fc91900 size=02914h ( 10516) load[0m
[0;32mI (118) esp_image: segment 2: paddr=0001fb60 vaddr=40374000 size=004b8h (  1208) load[0m
[0;32mI (123) esp_image: segment 3: paddr=00020020 vaddr=42000020 size=1aed8h (110296) map[0m
[0;32mI (151) esp_image: segment 4: paddr=0003af00 vaddr=403744b8 size=0d428h ( 54312) load[0m
[0;32mI (169) boot: Loaded app from partition at offset 0x10000[0m
[0;32mI (169) boot: Disabling RNG early entropy source...[0m
[0;32mI (180) cpu_start: Multicore app[0m
[0;32mI (190) cpu_start: Pro cpu start user code[0m
[0;32mI (190) cpu_start: cpu freq: 160000000 Hz[0m
[0;32mI (190) app_init: Application information:[0m
[0;32mI (193) app_init: Project name:     fft[0m
[0;32mI (198) app_init: App version:      29fa922[0m
[0;32mI (202) app_init: Compile time:     May 11 2024 16:02:43[0m
[0;32mI (208) app_init: ELF file SHA256:  0b9d8b590...[0m
[0;32mI (214) app_init: ESP-IDF:          v5.3-dev-2265-gfdb7a43752-dirty[0m
[0;32mI (221) app_init: Min chip rev:     v0.0[0m
[0;32mI (225) app_init: Max chip rev:     v0.99 [0m
[0;32mI (230) app_init: Chip rev:         v0.1[0m
[0;32mI (235) heap_init: Initializing. RAM available for dynamic allocation:[0m
[0;32mI (242) heap_init: At 3FC95CF0 len 00053A20 (334 KiB): RAM[0m
[0;32mI (248) heap_init: At 3FCE9710 len 00005724 (21 KiB): RAM[0m
[0;32mI (254) heap_init: At 3FCF0000 len 00008000 (32 KiB): DRAM[0m
[0;32mI (260) heap_init: At 600FE010 len 00001FD8 (7 KiB): RTCRAM[0m
[0;32mI (267) spi_flash: detected chip: gd[0m
[0;32mI (271) spi_flash: flash io: dio[0m
[0;33mW (275) spi_flash: Detected size(8192k) larger than the size in the binary image header(2048k). Using the size in the binary image header.[0m
[0;32mI (288) sleep: Configure to isolate all GPIO pins in sleep state[0m
[0;32mI (295) sleep: Enable automatic switching of GPIO sleep configuration[0m
[0;32mI (302) main_task: Started on CPU0[0m
[0;32mI (322) main_task: Calling app_main()[0m
[0;32mI (322) [FFT] : Hann window generated[0m
[0;32mI (332) [FFT] : Input test wave generated[0m
[0;32mI (332) [FFT] : Output populating completed[0m
Guru Meditation Error: Core  0 panic'ed (LoadProhibited). Exception was unhandled.

Core  0 register dump:
PC      : 0x42019272  PS      : 0x00060330  A0      : 0x82008c9f  A1      : 0x3fc987d0  
A2      : 0x3fc94af4  A3      : 0x00000100  A4      : 0x00000000  A5      : 0x00000001  
A6      : 0x00000080  A7      : 0x00000001  A8      : 0x00000000  A9      : 0x3fc98780  
A10     : 0x00000000  A11     : 0x00000000  A12     : 0x3c025314  A13     : 0x3fc987e0  
A14     : 0x3fc987c0  A15     : 0x0000000c  SAR     : 0x00000001  EXCCAUSE: 0x0000001c  
EXCVADDR: 0x00000000  LBEG    : 0x400556d5  LEND    : 0x400556e5  LCOUNT  : 0xfffffffe  


Backtrace: 0x4201926f:0x3fc987d0 0x42008c9c:0x3fc987e0 0x42008d80:0x3fc98820 0x4201a6d3:0x3fc98840 0x4037a18d:0x3fc98870




ELF file SHA256: 0b9d8b590

Rebooting...
ï¿½ï¿½ï¿½ESP-ROM:esp32s3-20210327
Build:Mar 27 2021
rst:0xc (RTC_SW_CPU_RST),boot:0x8 (SPI_FAST_FLASH_BOOT)
Saved PC:0x40375894
SPIWP:0xee
mode:DIO, clock div:1
load:0x3fce2810,len:0x178c
load:0x403c8700,len:0x4
load:0x403c8704,len:0xcb8
load:0x403cb700,len:0x2d9c
entry 0x403c8914
[0;32mI (31) boot: ESP-IDF v5.3-dev-2265-gfdb7a43752-dirty 2nd stage bootloader[0m
[0;32mI (31) boot: compile time May 11 2024 10:32:13[0m
[0;32mI (32) boot: Multicore bootloader[0m
[0;32mI (36) boot: chip revision: v0.1[0m
[0;32mI (40) boot.esp32s3: Boot SPI Speed : 80MHz[0m
[0;32mI (45) boot.esp32s3: SPI Mode       : DIO[0m
[0;32mI (50) boot.esp32s3: SPI Flash Size : 2MB[0m
[0;32mI (55) boot: Enabling RNG early entropy source...[0m
[0;32mI (60) boot: Partition Table:[0m
[0;32mI (63) boot: ## Label            Usage          Type ST Offset   Length[0m
[0;32mI (71) boot:  0 nvs              WiFi data        01 02 00009000 00006000[0m
[0;32mI (78) boot:  1 phy_init         RF data          01 01 0000f000 00001000[0m
[0;32mI (86) boot:  2 factory          factory app      00 00 00010000 00100000[0m
[0;32mI (93) boot: End of partition table[0m
[0;32mI (97) esp_image: segment 0: paddr=00010020 vaddr=3c020020 size=0d21ch ( 53788) map[0m
[0;32mI (115) esp_image: segment 1: paddr=0001d244 vaddr=3fc91900 size=02914h ( 10516) load[0m
[0;32mI (118) esp_image: segment 2: paddr=0001fb60 vaddr=40374000 size=004b8h (  1208) load[0m
[0;32mI (123) esp_image: segment 3: paddr=00020020 vaddr=42000020 size=1aed8h (110296) map[0m
[0;32mI (151) esp_image: segment 4: paddr=0003af00 vaddr=403744b8 size=0d428h ( 54312) load[0m
[0;32mI (169) boot: Loaded app from partition at offset 0x10000[0m
[0;32mI (169) boot: Disabling RNG early entropy source...[0m
[0;32mI (180) cpu_start: Multicore app[0m
[0;32mI (190) cpu_start: Pro cpu start user code[0m
[0;32mI (190) cpu_start: cpu freq: 160000000 Hz[0m
[0;32mI (190) app_init: Application information:[0m
[0;32mI (193) app_init: Project name:     fft[0m
[0;32mI (198) app_init: App version:      29fa922[0m
[0;32mI (202) app_init: Compile time:     May 11 2024 16:02:43[0m
[0;32mI (208) app_init: ELF file SHA256:  0b9d8b590...[0m
[0;32mI (214) app_init: ESP-IDF:          v5.3-dev-2265-gfdb7a43752-dirty[0m
[0;32mI (221) app_init: Min chip rev:     v0.0[0m
[0;32mI (225) app_init: Max chip rev:     v0.99 [0m
[0;32mI (230) app_init: Chip rev:         v0.1[0m
[0;32mI (235) heap_init: Initializing. RAM available for dynamic allocation:[0m
[0;32mI (242) heap_init: At 3FC95CF0 len 00053A20 (334 KiB): RAM[0m
[0;32mI (248) heap_init: At 3FCE9710 len 00005724 (21 KiB): RAM[0m
[0;32mI (254) heap_init: At 3FCF0000 len 00008000 (32 KiB): DRAM[0m
[0;32mI (260) heap_init: At 600FE010 len 00001FD8 (7 KiB): RTCRAM[0m
