ï¿½ï¿½at offset 0x100ESP-ROM:esp32s3-20210327
Build:Mar 27 2021
rst:0x1 (POWERON),boot:0xa (SPI_FAST_FLASH_BOOT)
SPIWP:0xee
mode:DIO, clock div:1
load:0x3fce2810,len:0x178c
load:0x403c8700,len:0x4
load:0x403c8704,len:0xcb8
load:0x403cb700,len:0x2d9c
entry 0x403c8914
[0;32mI (27) boot: ESP-IDF v5.3-dev-2265-gfdb7a43752-dirty 2nd stage bootloader[0m
[0;32mI (27) boot: compile time May 17 2024 22:24:14[0m
[0;32mI (28) boot: Multicore bootloader[0m
[0;32mI (32) boot: chip revision: v0.1[0m
[0;32mI (36) boot.esp32s3: Boot SPI Speed : 80MHz[0m
[0;32mI (41) boot.esp32s3: SPI Mode       : DIO[0m
[0;32mI (45) boot.esp32s3: SPI Flash Size : 2MB[0m
[0;32mI (50) boot: Enabling RNG early entropy source...[0m
[0;32mI (56) boot: Partition Table:[0m
[0;32mI (59) boot: ## Label            Usage          Type ST Offset   Length[0m
[0;32mI (66) boot:  0 nvs              WiFi data        01 02 00009000 00006000[0m
[0;32mI (74) boot:  1 phy_init         RF data          01 01 0000f000 00001000[0m
[0;32mI (81) boot:  2 factory          factory app      00 00 00010000 00100000[0m
[0;32mI (89) boot: End of partition table[0m
[0;32mI (93) esp_image: segment 0: paddr=00010020 vaddr=3c020020 size=1213ch ( 74044) map[0m
[0;32mI (115) esp_image: segment 1: paddr=00022164 vaddr=3fc92200 size=029e4h ( 10724) load[0m
[0;32mI (117) esp_image: segment 2: paddr=00024b50 vaddr=40374000 size=0b4c8h ( 46280) load[0m
[0;32mI (131) esp_image: segment 3: paddr=00030020 vaddr=42000020 size=1d314h (119572) map[0m
[0;32mI (152) esp_image: segment 4: paddr=0004d33c vaddr=4037f4c8 size=02ca8h ( 11432) load[0m
[0;32mI (161) boot: Loaded app from partition at offset 0x10000[0m
[0;32mI (161) boot: Disabling RNG early entropy source...[0m
[0;32mI (173) cpu_start: Multicore app[0m
[0;32mI (183) cpu_start: Pro cpu start user code[0m
[0;32mI (183) cpu_start: cpu freq: 160000000 Hz[0m
[0;32mI (183) app_init: Application information:[0m
[0;32mI (186) app_init: Project name:     fft[0m
[0;32mI (190) app_init: App version:      723f97b-dirty[0m
[0;32mI (196) app_init: Compile time:     May 17 2024 22:24:12[0m
[0;32mI (202) app_init: ELF file SHA256:  3080297b0...[0m
[0;32mI (207) app_init: ESP-IDF:          v5.3-dev-2265-gfdb7a43752-dirty[0m
[0;32mI (214) app_init: Min chip rev:     v0.0[0m
[0;32mI (218) app_init: Max chip rev:     v0.99 [0m
[0;32mI (223) app_init: Chip rev:         v0.1[0m
[0;32mI (228) heap_init: Initializing. RAM available for dynamic allocation:[0m
[0;32mI (235) heap_init: At 3FC9C538 len 0004D1D8 (308 KiB): RAM[0m
[0;32mI (241) heap_init: At 3FCE9710 len 00005724 (21 KiB): RAM[0m
[0;32mI (247) heap_init: At 3FCF0000 len 00008000 (32 KiB): DRAM[0m
[0;32mI (253) heap_init: At 600FE010 len 00001FD8 (7 KiB): RTCRAM[0m
[0;32mI (261) spi_flash: detected chip: gd[0m
[0;32mI (264) spi_flash: flash io: dio[0m
[0;33mW (268) spi_flash: Detected size(8192k) larger than the size in the binary image header(2048k). Using the size in the binary image header.[0m
[0;33mW (281) ADC: legacy driver is deprecated, please migrate to `esp_adc/adc_oneshot.h`[0m
[0;32mI (289) sleep: Configure to isolate all GPIO pins in sleep state[0m
[0;32mI (296) sleep: Enable automatic switching of GPIO sleep configuration[0m
[0;32mI (304) main_task: Started on CPU0[0m
[0;32mI (314) main_task: Calling app_main()[0m
[0;32mI (314) [ADC] : Initializing ADC_1 CH_0...[0m
[0;32mI (314) [ADC] : Characterization ADC_1 CH_0 : done[0m
[0;32mI (324) [ADC] : Channel width and configuration done[0m
[0;32mI (424) [ADC] : Sampling completed[0m
[0;32mI (434) [FFT] : Hann window generated[0m
[0;32mI (434) [FFT] : Output populating completed[0m
mean: 24.880135 - std_dev: 5.249864
Outliers:
idx: 0 - value: 92.539139
idx: 1 - value: 92.547989
Max idx : 1 - max freq : 0.000000
[0;32mI (444) [FFT] : FFT computed[0m
[0;32mI (454) view: Data min[810] = 4.769392, Data max[1] = 92.547989[0m
 ________________________________________________________________
0|                                                               |
1|||||||||||||||||||||||||||||||||||||||||||||||||||||||||||||||||
2|                         |     |        |    |   |      |     ||
3                                                                |
4                                                                |
5                                                                |
6                                                                |
7                                                                |
8                                                                |
9                                                                |
 0123456789012345678901234567890123456789012345678901234567890123
[0;32mI (524) view: Plot: Length=1024, min=-128.000000, max=64.000000[0m
[0;32mI (534) [FFT] : FFT graph view computed[0m
[0;32mI (534) main_task: Returned from app_main()[0m
ESP-ROM:esp32s3-20210327
Build:Mar 27 2021
rst:0x1 (POWERON),boot:0xa (SPI_FAST_FLASH_BOOT)
SPIWP:0xee
mode:DIO, clock div:1
load:0x3fce2810,len:0x178c
load:0x403c8700,len:0x4
load:0x403c8704,len:0xcb8
load:0x403cb700,len:0x2d9c
entry 0x403c8914
[0;32mI (27) boot: ESP-IDF v5.3-dev-2265-gfdb7a43752-dirty 2nd stage bootloader[0m
[0;32mI (27) boot: compile time May 17 2024 22:24:14[0m
[0;32mI (28) boot: Multicore bootloader[0m
[0;32mI (32) boot: chip revision: v0.1[0m
[0;32mI (36) boot.esp32s3: Boot SPI Speed : 80MHz[0m
[0;32mI (41) boot.esp32s3: SPI Mode       : DIO[0m
[0;32mI (45) boot.esp32s3: SPI Flash Size : 2MB[0m
[0;32mI (50) boot: Enabling RNG early entropy source...[0m
[0;32mI (56) boot: Partition Table:[0m
[0;32mI (59) boot: ## Label            Usage          Type ST Offset   Length[0m
[0;32mI (66) boot:  0 nvs              WiFi data        01 02 00009000 00006000[0m
[0;32mI (74) boot:  1 phy_init         RF data          01 01 0000f000 00001000[0m
[0;32mI (81) boot:  2 factory          factory app      00 00 00010000 00100000[0m
[0;32mI (89) boot: End of partition table[0m
[0;32mI (93) esp_image: segment 0: paddr=00010020 vaddr=3c020020 size=1213ch ( 74044) map[0m
[0;32mI (115) esp_image: segment 1: paddr=00022164 vaddr=3fc92200 size=029e4h ( 10724) load[0m
[0;32mI (117) esp_image: segment 2: paddr=00024b50 vaddr=40374000 size=0b4c8h ( 46280) load[0m
[0;32mI (131) esp_image: segment 3: paddr=00030020 vaddr=42000020 size=1d314h (119572) map[0m
[0;32mI (152) esp_image: segment 4: paddr=0004d33c vaddr=4037f4c8 size=02ca8h ( 11432) load[0m
[0;32mI (161) boot: Loaded app from partition at offset 0x10000[0m
[0;32mI (161) boot: Disabling RNG early entropy source...[0m
[0;32mI (173) cpu_start: Multicore app[0m
[0;32mI (183) cpu_start: Pro cpu start user code[0m
[0;32mI (183) cpu_start: cpu freq: 160000000 Hz[0m
[0;32mI (183) app_init: Application information:[0m
[0;32mI (186) app_init: Project name:     fft[0m
[0;32mI (190) app_init: App version:      723f97b-dirty[0m
[0;32mI (196) app_init: Compile time:     May 17 2024 22:24:12[0m
[0;32mI (202) app_init: ELF file SHA256:  3080297b0...[0m
[0;32mI (207) app_init: ESP-IDF:          v5.3-dev-2265-gfdb7a43752-dirty[0m
[0;32mI (214) app_init: Min chip rev:     v0.0[0m
[0;32mI (218) app_init: Max chip rev:     v0.99 [0m
[0;32mI (223) app_init: Chip rev:         v0.1[0m
[0;32mI (228) heap_init: Initializing. RAM available for dynamic allocation:[0m
[0;32mI (235) heap_init: At 3FC9C538 len 0004D1D8 (308 KiB): RAM[0m
[0;32mI (241) heap_init: At 3FCE9710 len 00005724 (21 KiB): RAM[0m
[0;32mI (247) heap_init: At 3FCF0000 len 00008000 (32 KiB): DRAM[0m
[0;32mI (253) heap_init: At 600FE010 len 00001FD8 (7 KiB): RTCRAM[0m
[0;32mI (261) spi_flash: detected chip: gd[0m
[0;32mI (264) spi_flash: flash io: dio[0m
[0;33mW (268) spi_flash: Detected size(8192k) larger than the size in the binary image header(2048k). Using the size in the binary image header.[0m
[0;33mW (281) ADC: legacy driver is deprecated, please migrate to `esp_adc/adc_oneshot.h`[0m
[0;32mI (289) sleep: Configure to isolate all GPIO pins in sleep state[0m
[0;32mI (296) sleep: Enable automatic switching of GPIO sleep configuration[0m
[0;32mI (304) main_task: Started on CPU0[0m
[0;32mI (314) main_task: Calling app_main()[0m
[0;32mI (314) [ADC] : Initializing ADC_1 CH_0...[0m
[0;32mI (314) [ADC] : Characterization ADC_1 CH_0 : done[0m
[0;32mI (324) [ADC] : Channel width and configuration done[0m
[0;32mI (424) [ADC] : Sampling completed[0m
[0;32mI (434) [FFT] : Hann window generated[0m
[0;32mI (434) [FFT] : Output populating completed[0m
mean: 23.093615 - std_dev: 5.445153
Outliers:
idx: 0 - value: 92.533646
idx: 1 - value: 92.539078
Max idx : 1 - max freq : 0.000000
[0;32mI (444) [FFT] : FFT computed[0m
[0;32mI (454) view: Data min[507] = -0.486110, Data max[1] = 92.539078[0m
 ________________________________________________________________
0|                                                               |
1|||||||||||||||||||||||||||||||||||||||||||||||||||||||||||||||||
2|    |                    |    |                        | |     |
3                                                                |
4                                                                |
5                                                                |
6                                                                |
7                                                                |
8                                                                |
9                                                                |
 0123456789012345678901234567890123456789012345678901234567890123
[0;32mI (524) view: Plot: Length=1024, min=-128.000000, max=64.000000[0m
[0;32mI (534) [FFT] : FFT graph view computed[0m
[0;32mI (534) main_task: Returned from app_main()[0m
ESP-ROM:esp32s3-20210327
Build:Mar 27 2021
rst:0x1 (POWERON),boot:0xa (SPI_FAST_FLASH_BOOT)
SPIWP:0xee
mode:DIO, clock div:1
load:0x3fce2810,len:0x178c
load:0x403c8700,len:0x4
load:0x403c8704,len:0xcb8
load:0x403cb700,len:0x2d9c
entry 0x403c8914
[0;32mI (27) boot: ESP-IDF v5.3-dev-2265-gfdb7a43752-dirty 2nd stage bootloader[0m
[0;32mI (27) boot: compile time May 17 2024 22:24:14[0m
[0;32mI (28) boot: Multicore bootloader[0m
[0;32mI (32) boot: chip revision: v0.1[0m
[0;32mI (36) boot.esp32s3: Boot SPI Speed : 80MHz[0m
[0;32mI (41) boot.esp32s3: SPI Mode       : DIO[0m
[0;32mI (45) boot.esp32s3: SPI Flash Size : 2MB[0m
[0;32mI (50) boot: Enabling RNG early entropy source...[0m
[0;32mI (56) boot: Partition Table:[0m
[0;32mI (59) boot: ## Label            Usage          Type ST Offset   Length[0m
[0;32mI (66) boot:  0 nvs              WiFi data        01 02 00009000 00006000[0m
[0;32mI (74) boot:  1 phy_init         RF data          01 01 0000f000 00001000[0m
[0;32mI (81) boot:  2 factory          factory app      00 00 00010000 00100000[0m
[0;32mI (89) boot: End of partition table[0m
[0;32mI (93) esp_image: segment 0: paddr=00010020 vaddr=3c020020 size=1213ch ( 74044) map[0m
[0;32mI (115) esp_image: segment 1: paddr=00022164 vaddr=3fc92200 size=029e4h ( 10724) load[0m
[0;32mI (117) esp_image: segment 2: paddr=00024b50 vaddr=40374000 size=0b4c8h ( 46280) load[0m
[0;32mI (131) esp_image: segment 3: paddr=00030020 vaddr=42000020 size=1d314h (119572) map[0m
[0;32mI (152) esp_image: segment 4: paddr=0004d33c vaddr=4037f4c8 size=02ca8h ( 11432) load[0m
[0;32mI (161) boot: Loaded app from partition at offset 0x10000[0m
[0;32mI (161) boot: Disabling RNG early entropy source...[0m
[0;32mI (173) cpu_start: Multicore app[0m
[0;32mI (183) cpu_start: Pro cpu start user code[0m
[0;32mI (183) cpu_start: cpu freq: 160000000 Hz[0m
[0;32mI (183) app_init: Application information:[0m
[0;32mI (186) app_init: Project name:     fft[0m
[0;32mI (190) app_init: App version:      723f97b-dirty[0m
[0;32mI (196) app_init: Compile time:     May 17 2024 22:24:12[0m
[0;32mI (202) app_init: ELF file SHA256:  3080297b0...[0m
[0;32mI (207) app_init: ESP-IDF:          v5.3-dev-2265-gfdb7a43752-dirty[0m
[0;32mI (214) app_init: Min chip rev:     v0.0[0m
[0;32mI (218) app_init: Max chip rev:     v0.99 [0m
[0;32mI (223) app_init: Chip rev:         v0.1[0m
[0;32mI (228) heap_init: Initializing. RAM available for dynamic allocation:[0m
[0;32mI (235) heap_init: At 3FC9C538 len 0004D1D8 (308 KiB): RAM[0m
[0;32mI (241) heap_init: At 3FCE9710 len 00005724 (21 KiB): RAM[0m
[0;32mI (247) heap_init: At 3FCF0000 len 00008000 (32 KiB): DRAM[0m
[0;32mI (253) heap_init: At 600FE010 len 00001FD8 (7 KiB): RTCRAM[0m
[0;32mI (261) spi_flash: detected chip: gd[0m
[0;32mI (264) spi_flash: flash io: dio[0m
[0;33mW (268) spi_flash: Detected size(8192k) larger than the size in the binary image header(2048k). Using the size in the binary image header.[0m
[0;33mW (281) ADC: legacy driver is deprecated, please migrate to `esp_adc/adc_oneshot.h`[0m
[0;32mI (289) sleep: Configure to isolate all GPIO pins in sleep state[0m
[0;32mI (296) sleep: Enable automatic switching of GPIO sleep configuration[0m
[0;32mI (304) main_task: Started on CPU0[0m
[0;32mI (314) main_task: Calling app_main()[0m
[0;32mI (314) [ADC] : Initializing ADC_1 CH_0...[0m
[0;32mI (314) [ADC] : Characterization ADC_1 CH_0 : done[0m
[0;32mI (324) [ADC] : Channel width and configuration done[0m
[0;32mI (424) [ADC] : Sampling completed[0m
[0;32mI (434) [FFT] : Hann window generated[0m
[0;32mI (434) [FFT] : Output populating completed[0m
mean: 26.268440 - std_dev: 5.465943
Outliers:
idx: 0 - value: 92.536301
idx: 1 - value: 92.542007
idx: 47 - value: 49.829025
idx: 48 - value: 50.418468
idx: 49 - value: 47.640488
idx: 976 - value: 46.138359
idx: 977 - value: 48.142052
Max idx : 977 - max freq : 0.000000
[0;32mI (464) [FFT] : FFT computed[0m
[0;32mI (464) view: Data min[741] = 3.746300, Data max[1] = 92.542007[0m
 ________________________________________________________________
0| ||                                                         |  |
1|||||||||||||||||||||||||||||||||||||||||||||||||||||||||||||||||
2                        |         |  |        |           |    ||
3                                                                |
4                                                                |
5                                                                |
6                                                                |
7                                                                |
8                                                                |
9                                                                |
 0123456789012345678901234567890123456789012345678901234567890123
[0;32mI (544) view: Plot: Length=1024, min=-128.000000, max=64.000000[0m
[0;32mI (544) [FFT] : FFT graph view computed[0m
[0;32mI (554) main_task: Returned from app_main()[0m
ESP-ROM:esp32s3-20210327
Build:Mar 27 2021
rst:0x1 (POWERON),boot:0xa (SPI_FAST_FLASH_BOOT)
SPIWP:0xee
mode:DIO, clock div:1
load:0x3fce2810,len:0x178c
load:0x403c8700,len:0x4
load:0x403c8704,len:0xcb8
load:0x403cb700,len:0x2d9c
entry 0x403c8914
[0;32mI (27) boot: ESP-IDF v5.3-dev-2265-gfdb7a43752-dirty 2nd stage bootloader[0m
[0;32mI (27) boot: compile time May 17 2024 22:24:14[0m
[0;32mI (28) boot: Multicore bootloader[0m
[0;32mI (32) boot: chip revision: v0.1[0m
[0;32mI (36) boot.esp32s3: Boot SPI Speed : 80MHz[0m
[0;32mI (41) boot.esp32s3: SPI Mode       : DIO[0m
[0;32mI (45) boot.esp32s3: SPI Flash Size : 2MB[0m
[0;32mI (50) boot: Enabling RNG early entropy source...[0m
[0;32mI (56) boot: Partition Table:[0m
[0;32mI (59) boot: ## Label            Usage          Type ST Offset   Length[0m
[0;32mI (66) boot:  0 nvs              WiFi data        01 02 00009000 00006000[0m
[0;32mI (74) boot:  1 phy_init         RF data          01 01 0000f000 00001000[0m
[0;32mI (81) boot:  2 factory          factory app      00 00 00010000 00100000[0m
[0;32mI (89) boot: End of partition table[0m
[0;32mI (93) esp_image: segment 0: paddr=00010020 vaddr=3c020020 size=1213ch ( 74044) map[0m
[0;32mI (115) esp_image: segment 1: paddr=00022164 vaddr=3fc92200 size=029e4h ( 10724) load[0m
[0;32mI (117) esp_image: segment 2: paddr=00024b50 vaddr=40374000 size=0b4c8h ( 46280) load[0m
[0;32mI (131) esp_image: segment 3: paddr=00030020 vaddr=42000020 size=1d314h (119572) map[0m
[0;32mI (152) esp_image: segment 4: paddr=0004d33c vaddr=4037f4c8 size=02ca8h ( 11432) load[0m
[0;32mI (161) boot: Loaded app from partition at offset 0x10000[0m
[0;32mI (161) boot: Disabling RNG early entropy source...[0m
[0;32mI (173) cpu_start: Multicore app[0m
[0;32mI (183) cpu_start: Pro cpu start user code[0m
[0;32mI (183) cpu_start: cpu freq: 160000000 Hz[0m
[0;32mI (183) app_init: Application information:[0m
[0;32mI (186) app_init: Project name:     fft[0m
[0;32mI (190) app_init: App version:      723f97b-dirty[0m
[0;32mI (196) app_init: Compile time:     May 17 2024 22:24:12[0m
[0;32mI (202) app_init: ELF file SHA256:  3080297b0...[0m
[0;32mI (207) app_init: ESP-IDF:          v5.3-dev-2265-gfdb7a43752-dirty[0m
[0;32mI (214) app_init: Min chip rev:     v0.0[0m
[0;32mI (218) app_init: Max chip rev:     v0.99 [0m
[0;32mI (223) app_init: Chip rev:         v0.1[0m
[0;32mI (228) heap_init: Initializing. RAM available for dynamic allocation:[0m
[0;32mI (235) heap_init: At 3FC9C538 len 0004D1D8 (308 KiB): RAM[0m
[0;32mI (241) heap_init: At 3FCE9710 len 00005724 (21 KiB): RAM[0m
[0;32mI (247) heap_init: At 3FCF0000 len 00008000 (32 KiB): DRAM[0m
[0;32mI (253) heap_init: At 600FE010 len 00001FD8 (7 KiB): RTCRAM[0m
[0;32mI (261) spi_flash: detected chip: gd[0m
[0;32mI (264) spi_flash: flash io: dio[0m
[0;33mW (268) spi_flash: Detected size(8192k) larger than the size in the binary image header(2048k). Using the size in the binary image header.[0m
[0;33mW (281) ADC: legacy driver is deprecated, please migrate to `esp_adc/adc_oneshot.h`[0m
[0;32mI (289) sleep: Configure to isolate all GPIO pins in sleep state[0m
[0;32mI (296) sleep: Enable automatic switching of GPIO sleep configuration[0m
[0;32mI (304) main_task: Started on CPU0[0m
[0;32mI (314) main_task: Calling app_main()[0m
[0;32mI (314) [ADC] : Initializing ADC_1 CH_0...[0m
[0;32mI (314) [ADC] : Characterization ADC_1 CH_0 : done[0m
[0;32mI (324) [ADC] : Channel width and configuration done[0m
[0;32mI (424) [ADC] : Sampling completed[0m
[0;32mI (434) [FFT] : Hann window generated[0m
[0;32mI (434) [FFT] : Output populating completed[0m
mean: 25.726688 - std_dev: 5.316963
Outliers:
idx: 0 - value: 92.527000
idx: 1 - value: 92.532837
idx: 46 - value: 43.761230
idx: 47 - value: 55.247684
idx: 48 - value: 53.868298
Max idx : 48 - max freq : 0.000000
[0;32mI (454) [FFT] : FFT computed[0m
[0;32mI (454) view: Data min[939] = 7.810120, Data max[1] = 92.532837[0m
 ________________________________________________________________
0| ||                                                            |
1|||||||||||||||||||||||||||||||||||||||||||||||||||||||||||||||||
2||                       | |    |        |                |     |
3                                                                |
4                                                                |
5                                                                |
6                                                                |
7                                                                |
8                                                                |
9                                                                |
 0123456789012345678901234567890123456789012345678901234567890123
[0;32mI (534) view: Plot: Length=1024, min=-128.000000, max=64.000000[0m
[0;32mI (544) [FFT] : FFT graph view computed[0m
[0;32mI (544) main_task: Returned from app_main()[0m
