ï¿½ï¿½ï¿½Jï¿½ï¿½ï¿½ï¿½ Disabliï¿½ESP-ROM:esp32s3-20210327
Build:Mar 27 2021
rst:0x1 (POWERON),boot:0xa (SPI_FAST_FLASH_BOOT)
SPIWP:0xee
mode:DIO, clock div:1
load:0x3fce2810,len:0x178c
load:0x403c8700,len:0x4
load:0x403c8704,len:0xcb8
load:0x403cb700,len:0x2d9c
entry 0x403c8914
[0;32mI (27) boot: ESP-IDF v5.3-dev-2265-gfdb7a43752-dirty 2nd stage bootloader[0m
[0;32mI (27) boot: compile time May 17 2024 21:32:48[0m
[0;32mI (28) boot: Multicore bootloader[0m
[0;32mI (32) boot: chip revision: v0.1[0m
[0;32mI (36) boot.esp32s3: Boot SPI Speed : 80MHz[0m
[0;32mI (41) boot.esp32s3: SPI Mode       : DIO[0m
[0;32mI (45) boot.esp32s3: SPI Flash Size : 2MB[0m
[0;32mI (50) boot: Enabling RNG early entropy source...[0m
[0;32mI (56) boot: Partition Table:[0m
[0;32mI (59) boot: ## Label            Usage          Type ST Offset   Length[0m
[0;32mI (66) boot:  0 nvs              WiFi data        01 02 00009000 00006000[0m
[0;32mI (74) boot:  1 phy_init         RF data          01 01 0000f000 00001000[0m
[0;32mI (81) boot:  2 factory          factory app      00 00 00010000 00100000[0m
[0;32mI (89) boot: End of partition table[0m
[0;32mI (93) esp_image: segment 0: paddr=00010020 vaddr=3c020020 size=1213ch ( 74044) map[0m
[0;32mI (115) esp_image: segment 1: paddr=00022164 vaddr=3fc92200 size=029e4h ( 10724) load[0m
[0;32mI (117) esp_image: segment 2: paddr=00024b50 vaddr=40374000 size=0b4c8h ( 46280) load[0m
[0;32mI (131) esp_image: segment 3: paddr=00030020 vaddr=42000020 size=1d2c8h (119496) map[0m
[0;32mI (152) esp_image: segment 4: paddr=0004d2f0 vaddr=4037f4c8 size=02c98h ( 11416) load[0m
[0;32mI (161) boot: Loaded app from partition at offset 0x10000[0m
[0;32mI (161) boot: Disabling RNG early entropy source...[0m
[0;32mI (173) cpu_start: Multicore app[0m
[0;32mI (183) cpu_start: Pro cpu start user code[0m
[0;32mI (183) cpu_start: cpu freq: 160000000 Hz[0m
[0;32mI (183) app_init: Application information:[0m
[0;32mI (186) app_init: Project name:     fft[0m
[0;32mI (190) app_init: App version:      723f97b-dirty[0m
[0;32mI (196) app_init: Compile time:     May 17 2024 21:32:46[0m
[0;32mI (201) app_init: ELF file SHA256:  845993712...[0m
[0;32mI (207) app_init: ESP-IDF:          v5.3-dev-2265-gfdb7a43752-dirty[0m
[0;32mI (214) app_init: Min chip rev:     v0.0[0m
[0;32mI (218) app_init: Max chip rev:     v0.99 [0m
[0;32mI (223) app_init: Chip rev:         v0.1[0m
[0;32mI (228) heap_init: Initializing. RAM available for dynamic allocation:[0m
[0;32mI (235) heap_init: At 3FC98D38 len 000509D8 (322 KiB): RAM[0m
[0;32mI (241) heap_init: At 3FCE9710 len 00005724 (21 KiB): RAM[0m
[0;32mI (247) heap_init: At 3FCF0000 len 00008000 (32 KiB): DRAM[0m
[0;32mI (253) heap_init: At 600FE010 len 00001FD8 (7 KiB): RTCRAM[0m
[0;32mI (261) spi_flash: detected chip: gd[0m
[0;32mI (264) spi_flash: flash io: dio[0m
[0;33mW (268) spi_flash: Detected size(8192k) larger than the size in the binary image header(2048k). Using the size in the binary image header.[0m
[0;33mW (281) ADC: legacy driver is deprecated, please migrate to `esp_adc/adc_oneshot.h`[0m
[0;32mI (289) sleep: Configure to isolate all GPIO pins in sleep state[0m
[0;32mI (296) sleep: Enable automatic switching of GPIO sleep configuration[0m
[0;32mI (304) main_task: Started on CPU0[0m
[0;32mI (311) main_task: Calling app_main()[0m
[0;32mI (312) [ADC] : Initializing ADC_1 CH_0...[0m
[0;32mI (317) [ADC] : Characterization ADC_1 CH_0 : done[0m
[0;32mI (322) [ADC] : Channel width and configuration done[0m
[0;32mI (10568) [ADC] : Sampling completed[0m
[0;32mI (10576) [FFT] : Hann window generated[0m
[0;32mI (10577) [FFT] : Output populating completed[0m
mean: 26.306715 - std_dev: 4.835263
outliers at index : 0
outliers at index : 1
Max idx : 1 - max amp: 89.528702 - max freq : 100.000000
[0;32mI (10587) [FFT] : FFT computed[0m
[0;32mI (10591) view: Data min[433] = -5.098604, Data max[1] = 89.528702[0m
 ________________________________________________________________
0|                                                               |
1|||||||||||||||||||||||||||||||||||||||||||||||||||||||||||||||||
2|| |                   |  | |                         |         |
3                                                                |
4                                                                |
5                                                                |
6                                                                |
7                                                                |
8                                                                |
9                                                                |
 0123456789012345678901234567890123456789012345678901234567890123
[0;32mI (10669) view: Plot: Length=512, min=-128.000000, max=64.000000[0m
[0;32mI (10675) [FFT] : FFT graph view computed[0m
[0;32mI (10680) main_task: Returned from app_main()[0m
