ï¿½ï¿½ï¿½ Disabling RNG ï¿½ESP-ROM:esp32s3-20210327
Build:Mar 27 2021
rst:0x1 (POWERON),boot:0x8 (SPI_FAST_FLASH_BOOT)
SPIWP:0xee
mode:DIO, clock div:1
load:0x3fce2810,len:0x178c
load:0x403c8700,len:0x4
load:0x403c8704,len:0xcb8
load:0x403cb700,len:0x2d9c
entry 0x403c8914
[0;32mI (27) boot: ESP-IDF v5.3-dev-2265-gfdb7a43752-dirty 2nd stage bootloader[0m
[0;32mI (27) boot: compile time May 11 2024 10:32:13[0m
[0;32mI (28) boot: Multicore bootloader[0m
[0;32mI (32) boot: chip revision: v0.1[0m
[0;32mI (36) boot.esp32s3: Boot SPI Speed : 80MHz[0m
[0;32mI (41) boot.esp32s3: SPI Mode       : DIO[0m
[0;32mI (45) boot.esp32s3: SPI Flash Size : 2MB[0m
[0;32mI (50) boot: Enabling RNG early entropy source...[0m
[0;32mI (56) boot: Partition Table:[0m
[0;32mI (59) boot: ## Label            Usage          Type ST Offset   Length[0m
[0;32mI (66) boot:  0 nvs              WiFi data        01 02 00009000 00006000[0m
[0;32mI (74) boot:  1 phy_init         RF data          01 01 0000f000 00001000[0m
[0;32mI (81) boot:  2 factory          factory app      00 00 00010000 00100000[0m
[0;32mI (89) boot: End of partition table[0m
[0;32mI (93) esp_image: segment 0: paddr=00010020 vaddr=3c020020 size=10e74h ( 69236) map[0m
[0;32mI (114) esp_image: segment 1: paddr=00020e9c vaddr=3fc92200 size=02944h ( 10564) load[0m
[0;32mI (116) esp_image: segment 2: paddr=000237e8 vaddr=40374000 size=0c830h ( 51248) load[0m
[0;32mI (131) esp_image: segment 3: paddr=00030020 vaddr=42000020 size=19344h (103236) map[0m
[0;32mI (150) esp_image: segment 4: paddr=0004936c vaddr=40380830 size=01920h (  6432) load[0m
[0;32mI (157) boot: Loaded app from partition at offset 0x10000[0m
[0;32mI (157) boot: Disabling RNG early entropy source...[0m
[0;32mI (170) cpu_start: Multicore app[0m
[0;32mI (180) cpu_start: Pro cpu start user code[0m
[0;32mI (180) cpu_start: cpu freq: 160000000 Hz[0m
[0;32mI (180) app_init: Application information:[0m
[0;32mI (183) app_init: Project name:     fft[0m
[0;32mI (187) app_init: App version:      4809a60-dirty[0m
[0;32mI (193) app_init: Compile time:     May 11 2024 17:13:09[0m
[0;32mI (199) app_init: ELF file SHA256:  a6790e1b0...[0m
[0;32mI (204) app_init: ESP-IDF:          v5.3-dev-2265-gfdb7a43752-dirty[0m
[0;32mI (211) app_init: Min chip rev:     v0.0[0m
[0;32mI (215) app_init: Max chip rev:     v0.99 [0m
[0;32mI (220) app_init: Chip rev:         v0.1[0m
[0;32mI (225) heap_init: Initializing. RAM available for dynamic allocation:[0m
[0;32mI (232) heap_init: At 3FC96430 len 000532E0 (332 KiB): RAM[0m
[0;32mI (238) heap_init: At 3FCE9710 len 00005724 (21 KiB): RAM[0m
[0;32mI (244) heap_init: At 3FCF0000 len 00008000 (32 KiB): DRAM[0m
[0;32mI (250) heap_init: At 600FE010 len 00001FD8 (7 KiB): RTCRAM[0m
[0;32mI (258) spi_flash: detected chip: gd[0m
[0;32mI (261) spi_flash: flash io: dio[0m
[0;33mW (265) spi_flash: Detected size(8192k) larger than the size in the binary image header(2048k). Using the size in the binary image header.[0m
[0;32mI (278) sleep: Configure to isolate all GPIO pins in sleep state[0m
[0;32mI (285) sleep: Enable automatic switching of GPIO sleep configuration[0m
[0;32mI (292) main_task: Started on CPU0[0m
[0;32mI (312) main_task: Calling app_main()[0m
[0;32mI (322) [FFT] : Hann window generated[0m
[0;32mI (322) main_task: Returned from app_main()[0m
