}ï¿½ï¿½ï¿½ï¿½ï¿½ Applicatioï¿½ESP-ROM:esp32s3-20210327
Build:Mar 27 2021
rst:0x1 (POWERON),boot:0xa (SPI_FAST_FLASH_BOOT)
SPIWP:0xee
mode:DIO, clock div:1
load:0x3fce2810,len:0x178c
load:0x403c8700,len:0x4
load:0x403c8704,len:0xcb8
load:0x403cb700,len:0x2d9c
entry 0x403c8914
[0;32mI (27) boot: ESP-IDF v5.3-dev-2265-gfdb7a43752-dirty 2nd stage bootloader[0m
[0;32mI (27) boot: compile time May 18 2024 22:14:18[0m
[0;32mI (28) boot: Multicore bootloader[0m
[0;32mI (32) boot: chip revision: v0.1[0m
[0;32mI (36) boot.esp32s3: Boot SPI Speed : 80MHz[0m
[0;32mI (41) boot.esp32s3: SPI Mode       : DIO[0m
[0;32mI (45) boot.esp32s3: SPI Flash Size : 2MB[0m
[0;32mI (50) boot: Enabling RNG early entropy source...[0m
[0;32mI (56) boot: Partition Table:[0m
[0;32mI (59) boot: ## Label            Usage          Type ST Offset   Length[0m
[0;32mI (66) boot:  0 nvs              WiFi data        01 02 00009000 00006000[0m
[0;32mI (74) boot:  1 phy_init         RF data          01 01 0000f000 00001000[0m
[0;32mI (81) boot:  2 factory          factory app      00 00 00010000 00100000[0m
[0;32mI (89) boot: End of partition table[0m
[0;32mI (93) esp_image: segment 0: paddr=00010020 vaddr=3c020020 size=124ach ( 74924) map[0m
[0;32mI (115) esp_image: segment 1: paddr=000224d4 vaddr=3fc92800 size=02a04h ( 10756) load[0m
[0;32mI (117) esp_image: segment 2: paddr=00024ee0 vaddr=40374000 size=0b138h ( 45368) load[0m
[0;32mI (131) esp_image: segment 3: paddr=00030020 vaddr=42000020 size=1daa8h (121512) map[0m
[0;32mI (153) esp_image: segment 4: paddr=0004dad0 vaddr=4037f138 size=035f4h ( 13812) load[0m
[0;32mI (162) boot: Loaded app from partition at offset 0x10000[0m
[0;32mI (162) boot: Disabling RNG early entropy source...[0m
[0;32mI (174) cpu_start: Multicore app[0m
[0;32mI (184) cpu_start: Pro cpu start user code[0m
[0;32mI (184) cpu_start: cpu freq: 160000000 Hz[0m
[0;32mI (184) app_init: Application information:[0m
[0;32mI (187) app_init: Project name:     adc_fft[0m
[0;32mI (192) app_init: App version:      1a07f6d-dirty[0m
[0;32mI (197) app_init: Compile time:     May 19 2024 10:43:14[0m
[0;32mI (203) app_init: ELF file SHA256:  17da2c9c6...[0m
[0;32mI (208) app_init: ESP-IDF:          v5.3-dev-2265-gfdb7a43752-dirty[0m
[0;32mI (215) app_init: Min chip rev:     v0.0[0m
[0;32mI (220) app_init: Max chip rev:     v0.99 [0m
[0;32mI (225) app_init: Chip rev:         v0.1[0m
[0;32mI (229) heap_init: Initializing. RAM available for dynamic allocation:[0m
[0;32mI (236) heap_init: At 3FC9EB58 len 0004ABB8 (298 KiB): RAM[0m
[0;32mI (242) heap_init: At 3FCE9710 len 00005724 (21 KiB): RAM[0m
[0;32mI (249) heap_init: At 3FCF0000 len 00008000 (32 KiB): DRAM[0m
[0;32mI (255) heap_init: At 600FE010 len 00001FD8 (7 KiB): RTCRAM[0m
[0;32mI (262) spi_flash: detected chip: gd[0m
[0;32mI (265) spi_flash: flash io: dio[0m
[0;33mW (269) spi_flash: Detected size(8192k) larger than the size in the binary image header(2048k). Using the size in the binary image header.[0m
[0;33mW (283) ADC: legacy driver is deprecated, please migrate to `esp_adc/adc_oneshot.h`[0m
[0;32mI (291) sleep: Configure to isolate all GPIO pins in sleep state[0m
[0;32mI (298) sleep: Enable automatic switching of GPIO sleep configuration[0m
[0;32mI (305) main_task: Started on CPU0[0m
[0;32mI (312) main_task: Calling app_main()[0m
[0;32mI (313) [ADC] : Initializing ADC_1 CH_0...[0m
[0;32mI (318) [ADC] : Characterization ADC_1 CH_0 : done[0m
[0;32mI (324) [ADC] : Channel width and configuration done[0m
[0;32mI (2382) [FFT] : Initialization done[0m
[0;32mI (2389) [FFT] : Hann window generated[0m
[0;33mW (4437) [ADC] : Values sampled[0m
[0;32mI (4439) [FFT] : Intermediate result computed[0m
[0;33mW (4445) [FFT] : Final result computed[0m
[0;32mI (4446) view: Data min[188] = -13.867956, Data max[1] = 92.549530[0m
 ________________________________________________________________
0                                                                |
1|                                                               |
2|                                                               |
3|                                                       |       |
4|| || | |  || | |     |  |  | | |   |||||||| | ||  ||   | ||  |||
5| || ||| ||||| | ||||||||||| ||| ||| ||| |||| || ||  |||||| ||| |
6  |    |       |  |  |  |  | |    |                      |  |   |
7                                                                |
8                                                                |
9                                                                |
 0123456789012345678901234567890123456789012345678901234567890123
[0;32mI (4516) view: Plot: Length=1024, min=-60.000000, max=120.000000[0m
current frequency: 1999.999878 - current duration: 1.024000
[0;32mI (4532) [FFT] : Mean: 12.782114 - Standard dev: 6.882775[0m
[0;33mW (4535) [FFT] : Index: 902 - Max frequency: 880.859314 -> New ampling frequency : 1761.718628[0m
[0;32mI (4544) [FFT] : Secure sampling frequency: 1770.527221[0m
new frequency: 1770.527100 - new duration: 1.156718
T: 5.000000 - #samples: 4323 - cycles: 3
final_mean: 1887.000000
[0;32mI (10702) main_task: Returned from app_main()[0m
ESP-ROM:esp32s3-20210327
Build:Mar 27 2021
rst:0x1 (POWERON),boot:0xa (SPI_FAST_FLASH_BOOT)
SPIWP:0xee
mode:DIO, clock div:1
load:0x3fce2810,len:0x178c
load:0x403c8700,len:0x4
load:0x403c8704,len:0xcb8
load:0x403cb700,len:0x2d9c
entry 0x403c8914
[0;32mI (27) boot: ESP-IDF v5.3-dev-2265-gfdb7a43752-dirty 2nd stage bootloader[0m
[0;32mI (27) boot: compile time May 18 2024 22:14:18[0m
[0;32mI (28) boot: Multicore bootloader[0m
[0;32mI (32) boot: chip revision: v0.1[0m
[0;32mI (36) boot.esp32s3: Boot SPI Speed : 80MHz[0m
[0;32mI (41) boot.esp32s3: SPI Mode       : DIO[0m
[0;32mI (45) boot.esp32s3: SPI Flash Size : 2MB[0m
[0;32mI (50) boot: Enabling RNG early entropy source...[0m
[0;32mI (56) boot: Partition Table:[0m
[0;32mI (59) boot: ## Label            Usage          Type ST Offset   Length[0m
[0;32mI (66) boot:  0 nvs              WiFi data        01 02 00009000 00006000[0m
[0;32mI (74) boot:  1 phy_init         RF data          01 01 0000f000 00001000[0m
[0;32mI (81) boot:  2 factory          factory app      00 00 00010000 00100000[0m
[0;32mI (89) boot: End of partition table[0m
[0;32mI (93) esp_image: segment 0: paddr=00010020 vaddr=3c020020 size=124ach ( 74924) map[0m
[0;32mI (115) esp_image: segment 1: paddr=000224d4 vaddr=3fc92800 size=02a04h ( 10756) load[0m
[0;32mI (117) esp_image: segment 2: paddr=00024ee0 vaddr=40374000 size=0b138h ( 45368) load[0m
[0;32mI (131) esp_image: segment 3: paddr=00030020 vaddr=42000020 size=1daa8h (121512) map[0m
[0;32mI (153) esp_image: segment 4: paddr=0004dad0 vaddr=4037f138 size=035f4h ( 13812) load[0m
[0;32mI (162) boot: Loaded app from partition at offset 0x10000[0m
[0;32mI (162) boot: Disabling RNG early entropy source...[0m
[0;32mI (174) cpu_start: Multicore app[0m
[0;32mI (184) cpu_start: Pro cpu start user code[0m
[0;32mI (184) cpu_start: cpu freq: 160000000 Hz[0m
[0;32mI (184) app_init: Application information:[0m
[0;32mI (187) app_init: Project name:     adc_fft[0m
[0;32mI (192) app_init: App version:      1a07f6d-dirty[0m
[0;32mI (197) app_init: Compile time:     May 19 2024 10:43:14[0m
[0;32mI (203) app_init: ELF file SHA256:  17da2c9c6...[0m
[0;32mI (208) app_init: ESP-IDF:          v5.3-dev-2265-gfdb7a43752-dirty[0m
[0;32mI (215) app_init: Min chip rev:     v0.0[0m
[0;32mI (220) app_init: Max chip rev:     v0.99 [0m
[0;32mI (225) app_init: Chip rev:         v0.1[0m
[0;32mI (229) heap_init: Initializing. RAM available for dynamic allocation:[0m
[0;32mI (236) heap_init: At 3FC9EB58 len 0004ABB8 (298 KiB): RAM[0m
[0;32mI (243) heap_init: At 3FCE9710 len 00005724 (21 KiB): RAM[0m
[0;32mI (249) heap_init: At 3FCF0000 len 00008000 (32 KiB): DRAM[0m
[0;32mI (255) heap_init: At 600FE010 len 00001FD8 (7 KiB): RTCRAM[0m
[0;32mI (262) spi_flash: detected chip: gd[0m
[0;32mI (265) spi_flash: flash io: dio[0m
[0;33mW (269) spi_flash: Detected size(8192k) larger than the size in the binary image header(2048k). Using the size in the binary image header.[0m
[0;33mW (283) ADC: legacy driver is deprecated, please migrate to `esp_adc/adc_oneshot.h`[0m
[0;32mI (291) sleep: Configure to isolate all GPIO pins in sleep state[0m
[0;32mI (298) sleep: Enable automatic switching of GPIO sleep configuration[0m
[0;32mI (305) main_task: Started on CPU0[0m
[0;32mI (312) main_task: Calling app_main()[0m
[0;32mI (313) [ADC] : Initializing ADC_1 CH_0...[0m
[0;32mI (318) [ADC] : Characterization ADC_1 CH_0 : done[0m
[0;32mI (324) [ADC] : Channel width and configuration done[0m
[0;32mI (2382) [FFT] : Initialization done[0m
[0;32mI (2389) [FFT] : Hann window generated[0m
[0;33mW (4437) [ADC] : Values sampled[0m
[0;32mI (4439) [FFT] : Intermediate result computed[0m
[0;33mW (4445) [FFT] : Final result computed[0m
[0;32mI (4446) view: Data min[640] = 2.796799, Data max[1] = 92.578438[0m
 ________________________________________________________________
0                                                                |
1|                                                               |
2|                                                               |
3|     ||                  |||| |                        | |     |
4||||||  ||||||||||||||||||  | | |||||||||||||||||||||||||| ||||||
5     |     ||                    |||    | |        ||    |     ||
6                                                                |
7                                                                |
8                                                                |
9                                                                |
 0123456789012345678901234567890123456789012345678901234567890123
[0;32mI (4516) view: Plot: Length=1024, min=-60.000000, max=120.000000[0m
current frequency: 1999.999878 - current duration: 1.024000
[0;32mI (4531) [FFT] : Mean: 31.587872 - Standard dev: 6.414151[0m
[0;33mW (4535) [FFT] : Index: 902 - Max frequency: 880.859314 -> New ampling frequency : 1761.718628[0m
[0;32mI (4544) [FFT] : Secure sampling frequency: 1770.527221[0m
new frequency: 1770.527100 - new duration: 1.156718
T: 5.000000 - #samples: 4323 - cycles: 3
final_mean: 1881.666626
[0;32mI (10702) main_task: Returned from app_main()[0m
ESP-ROM:esp32s3-20210327
Build:Mar 27 2021
rst:0x1 (POWERON),boot:0xa (SPI_FAST_FLASH_BOOT)
SPIWP:0xee
mode:DIO, clock div:1
load:0x3fce2810,len:0x178c
load:0x403c8700,len:0x4
load:0x403c8704,len:0xcb8
load:0x403cb700,len:0x2d9c
entry 0x403c8914
[0;32mI (27) boot: ESP-IDF v5.3-dev-2265-gfdb7a43752-dirty 2nd stage bootloader[0m
[0;32mI (27) boot: compile time May 18 2024 22:14:18[0m
[0;32mI (28) boot: Multicore bootloader[0m
[0;32mI (32) boot: chip revision: v0.1[0m
[0;32mI (36) boot.esp32s3: Boot SPI Speed : 80MHz[0m
[0;32mI (41) boot.esp32s3: SPI Mode       : DIO[0m
[0;32mI (45) boot.esp32s3: SPI Flash Size : 2MB[0m
[0;32mI (50) boot: Enabling RNG early entropy source...[0m
[0;32mI (56) boot: Partition Table:[0m
[0;32mI (59) boot: ## Label            Usage          Type ST Offset   Length[0m
[0;32mI (66) boot:  0 nvs              WiFi data        01 02 00009000 00006000[0m
[0;32mI (74) boot:  1 phy_init         RF data          01 01 0000f000 00001000[0m
[0;32mI (81) boot:  2 factory          factory app      00 00 00010000 00100000[0m
[0;32mI (89) boot: End of partition table[0m
[0;32mI (93) esp_image: segment 0: paddr=00010020 vaddr=3c020020 size=124ach ( 74924) map[0m
[0;32mI (115) esp_image: segment 1: paddr=000224d4 vaddr=3fc92800 size=02a04h ( 10756) load[0m
[0;32mI (117) esp_image: segment 2: paddr=00024ee0 vaddr=40374000 size=0b138h ( 45368) load[0m
[0;32mI (131) esp_image: segment 3: paddr=00030020 vaddr=42000020 size=1daa8h (121512) map[0m
[0;32mI (153) esp_image: segment 4: paddr=0004dad0 vaddr=4037f138 size=035f4h ( 13812) load[0m
[0;32mI (162) boot: Loaded app from partition at offset 0x10000[0m
[0;32mI (162) boot: Disabling RNG early entropy source...[0m
[0;32mI (174) cpu_start: Multicore app[0m
[0;32mI (184) cpu_start: Pro cpu start user code[0m
[0;32mI (184) cpu_start: cpu freq: 160000000 Hz[0m
[0;32mI (184) app_init: Application information:[0m
[0;32mI (187) app_init: Project name:     adc_fft[0m
[0;32mI (192) app_init: App version:      1a07f6d-dirty[0m
[0;32mI (197) app_init: Compile time:     May 19 2024 10:43:14[0m
[0;32mI (203) app_init: ELF file SHA256:  17da2c9c6...[0m
[0;32mI (208) app_init: ESP-IDF:          v5.3-dev-2265-gfdb7a43752-dirty[0m
[0;32mI (215) app_init: Min chip rev:     v0.0[0m
[0;32mI (220) app_init: Max chip rev:     v0.99 [0m
[0;32mI (225) app_init: Chip rev:         v0.1[0m
[0;32mI (229) heap_init: Initializing. RAM available for dynamic allocation:[0m
[0;32mI (236) heap_init: At 3FC9EB58 len 0004ABB8 (298 KiB): RAM[0m
[0;32mI (242) heap_init: At 3FCE9710 len 00005724 (21 KiB): RAM[0m
[0;32mI (249) heap_init: At 3FCF0000 len 00008000 (32 KiB): DRAM[0m
[0;32mI (255) heap_init: At 600FE010 len 00001FD8 (7 KiB): RTCRAM[0m
[0;32mI (262) spi_flash: detected chip: gd[0m
[0;32mI (265) spi_flash: flash io: dio[0m
[0;33mW (269) spi_flash: Detected size(8192k) larger than the size in the binary image header(2048k). Using the size in the binary image header.[0m
[0;33mW (283) ADC: legacy driver is deprecated, please migrate to `esp_adc/adc_oneshot.h`[0m
[0;32mI (291) sleep: Configure to isolate all GPIO pins in sleep state[0m
[0;32mI (298) sleep: Enable automatic switching of GPIO sleep configuration[0m
[0;32mI (305) main_task: Started on CPU0[0m
[0;32mI (312) main_task: Calling app_main()[0m
[0;32mI (313) [ADC] : Initializing ADC_1 CH_0...[0m
[0;32mI (318) [ADC] : Characterization ADC_1 CH_0 : done[0m
[0;32mI (324) [ADC] : Channel width and configuration done[0m
[0;32mI (2382) [FFT] : Initialization done[0m
[0;32mI (2389) [FFT] : Hann window generated[0m
[0;33mW (4437) [ADC] : Values sampled[0m
[0;32mI (4439) [FFT] : Intermediate result computed[0m
[0;33mW (4445) [FFT] : Final result computed[0m
[0;32mI (4446) view: Data min[484] = -10.186697, Data max[1] = 92.580795[0m
 ________________________________________________________________
0                                                                |
1|                                                               |
2|                                                               |
3|                                     |                         |
4|||||||||||| | ||||||||||||| ||||||||||||||||||||||||||||| ||||||
5            | |    | ||  |  | |     ||| |   |   |  |   |  | |  ||
6                                                                |
7                                                                |
8                                                                |
9                                                                |
 0123456789012345678901234567890123456789012345678901234567890123
[0;32mI (4516) view: Plot: Length=1024, min=-60.000000, max=120.000000[0m
current frequency: 1999.999878 - current duration: 1.024000
[0;32mI (4532) [FFT] : Mean: 17.466475 - Standard dev: 6.633042[0m
[0;33mW (4535) [FFT] : Index: 616 - Max frequency: 601.562500 -> New ampling frequency : 1203.125000[0m
[0;32mI (4544) [FFT] : Secure sampling frequency: 1209.140625[0m
new frequency: 1209.140625 - new duration: 1.693765
T: 5.000000 - #samples: 2953 - cycles: 2
final_mean: 1886.500000
[0;32mI (8654) main_task: Returned from app_main()[0m
