cpu_start: Pro cpu ï¿½ESP-ROM:esp32s3-20210327
Build:Mar 27 2021
rst:0x1 (POWERON),boot:0x8 (SPI_FAST_FLASH_BOOT)
SPIWP:0xee
mode:DIO, clock div:1
load:0x3fce2810,len:0x178c
load:0x403c8700,len:0x4
load:0x403c8704,len:0xcb8
load:0x403cb700,len:0x2d9c
entry 0x403c8914
[0;32mI (27) boot: ESP-IDF v5.3-dev-2265-gfdb7a43752-dirty 2nd stage bootloader[0m
[0;32mI (27) boot: compile time May 18 2024 11:30:31[0m
[0;32mI (28) boot: Multicore bootloader[0m
[0;32mI (32) boot: chip revision: v0.1[0m
[0;32mI (36) boot.esp32s3: Boot SPI Speed : 80MHz[0m
[0;32mI (41) boot.esp32s3: SPI Mode       : DIO[0m
[0;32mI (45) boot.esp32s3: SPI Flash Size : 2MB[0m
[0;32mI (50) boot: Enabling RNG early entropy source...[0m
[0;32mI (56) boot: Partition Table:[0m
[0;32mI (59) boot: ## Label            Usage          Type ST Offset   Length[0m
[0;32mI (66) boot:  0 nvs              WiFi data        01 02 00009000 00006000[0m
[0;32mI (74) boot:  1 phy_init         RF data          01 01 0000f000 00001000[0m
[0;32mI (81) boot:  2 factory          factory app      00 00 00010000 00100000[0m
[0;32mI (89) boot: End of partition table[0m
[0;32mI (93) esp_image: segment 0: paddr=00010020 vaddr=3c020020 size=0e01ch ( 57372) map[0m
[0;32mI (112) esp_image: segment 1: paddr=0001e044 vaddr=3fc91a00 size=01fd4h (  8148) load[0m
[0;32mI (114) esp_image: segment 2: paddr=00020020 vaddr=42000020 size=1bc9ch (113820) map[0m
[0;32mI (139) esp_image: segment 3: paddr=0003bcc4 vaddr=3fc939d4 size=009e0h (  2528) load[0m
[0;32mI (140) esp_image: segment 4: paddr=0003c6ac vaddr=40374000 size=0d900h ( 55552) load[0m
[0;32mI (162) boot: Loaded app from partition at offset 0x10000[0m
[0;32mI (162) boot: Disabling RNG early entropy source...[0m
[0;32mI (174) cpu_start: Multicore app[0m
[0;32mI (184) cpu_start: Pro cpu start user code[0m
[0;32mI (184) cpu_start: cpu freq: 160000000 Hz[0m
[0;32mI (184) app_init: Application information:[0m
[0;32mI (187) app_init: Project name:     adc_fft[0m
[0;32mI (192) app_init: App version:      b8de82f[0m
[0;32mI (196) app_init: Compile time:     May 18 2024 11:30:22[0m
[0;32mI (202) app_init: ELF file SHA256:  4a7e59e3d...[0m
[0;32mI (208) app_init: ESP-IDF:          v5.3-dev-2265-gfdb7a43752-dirty[0m
[0;32mI (215) app_init: Min chip rev:     v0.0[0m
[0;32mI (219) app_init: Max chip rev:     v0.99 [0m
[0;32mI (224) app_init: Chip rev:         v0.1[0m
[0;32mI (229) heap_init: Initializing. RAM available for dynamic allocation:[0m
[0;32mI (236) heap_init: At 3FC984E8 len 00051228 (324 KiB): RAM[0m
[0;32mI (242) heap_init: At 3FCE9710 len 00005724 (21 KiB): RAM[0m
[0;32mI (248) heap_init: At 3FCF0000 len 00008000 (32 KiB): DRAM[0m
[0;32mI (254) heap_init: At 600FE010 len 00001FD8 (7 KiB): RTCRAM[0m
[0;32mI (262) spi_flash: detected chip: gd[0m
[0;32mI (265) spi_flash: flash io: dio[0m
[0;33mW (269) spi_flash: Detected size(8192k) larger than the size in the binary image header(2048k). Using the size in the binary image header.[0m
[0;33mW (282) ADC: legacy driver is deprecated, please migrate to `esp_adc/adc_oneshot.h`[0m
[0;32mI (290) sleep: Configure to isolate all GPIO pins in sleep state[0m
[0;32mI (297) sleep: Enable automatic switching of GPIO sleep configuration[0m
[0;32mI (304) main_task: Started on CPU0[0m
[0;32mI (314) main_task: Calling app_main()[0m
[0;32mI (314) [ADC] : Characterization ADC_1 CH_0 : done[0m
[0;32mI (314) [ADC] : Channel width and configuration done[0m
Guru Meditation Error: Core  0 panic'ed (LoadProhibited). Exception was unhandled.

Core  0 register dump:
PC      : 0x42019e36  PS      : 0x00060530  A0      : 0x82008de3  A1      : 0x3fc9afd0  
A2      : 0x3fc95294  A3      : 0x00000400  A4      : 0x00000000  A5      : 0x00000001  
A6      : 0x00000200  A7      : 0x00000001  A8      : 0x00000000  A9      : 0x3fc9afa0  
A10     : 0x00000000  A11     : 0x00000000  A12     : 0x3dfa52b0  A13     : 0x40c90fda  
A14     : 0x00000000  A15     : 0x00000000  SAR     : 0x00000001  EXCCAUSE: 0x0000001c  
EXCVADDR: 0x00000000  LBEG    : 0x400570e8  LEND    : 0x400570f3  LCOUNT  : 0x00000000  


Backtrace: 0x42019e33:0x3fc9afd0 0x42008de0:0x3fc9afe0 0x42008ec2:0x3fc9b020 0x4201b497:0x3fc9b040 0x4037a1ad:0x3fc9b070




ELF file SHA256: 4a7e59e3d

Rebooting...
ï¿½ï¿½ï¿½ESP-ROM:esp32s3-20210327
Build:Mar 27 2021
rst:0xc (RTC_SW_CPU_RST),boot:0x8 (SPI_FAST_FLASH_BOOT)
Saved PC:0x4037589c
SPIWP:0xee
mode:DIO, clock div:1
load:0x3fce2810,len:0x178c
load:0x403c8700,len:0x4
load:0x403c8704,len:0xcb8
load:0x403cb700,len:0x2d9c
entry 0x403c8914
[0;32mI (31) boot: ESP-IDF v5.3-dev-2265-gfdb7a43752-dirty 2nd stage bootloader[0m
[0;32mI (31) boot: compile time May 18 2024 11:30:31[0m
[0;32mI (32) boot: Multicore bootloader[0m
[0;32mI (36) boot: chip revision: v0.1[0m
[0;32mI (40) boot.esp32s3: Boot SPI Speed : 80MHz[0m
[0;32mI (45) boot.esp32s3: SPI Mode       : DIO[0m
[0;32mI (50) boot.esp32s3: SPI Flash Size : 2MB[0m
[0;32mI (55) boot: Enabling RNG early entropy source...[0m
[0;32mI (60) boot: Partition Table:[0m
[0;32mI (63) boot: ## Label            Usage          Type ST Offset   Length[0m
[0;32mI (71) boot:  0 nvs              WiFi data        01 02 00009000 00006000[0m
[0;32mI (78) boot:  1 phy_init         RF data          01 01 0000f000 00001000[0m
[0;32mI (86) boot:  2 factory          factory app      00 00 00010000 00100000[0m
[0;32mI (93) boot: End of partition table[0m
[0;32mI (97) esp_image: segment 0: paddr=00010020 vaddr=3c020020 size=0e01ch ( 57372) map[0m
[0;32mI (116) esp_image: segment 1: paddr=0001e044 vaddr=3fc91a00 size=01fd4h (  8148) load[0m
[0;32mI (118) esp_image: segment 2: paddr=00020020 vaddr=42000020 size=1bc9ch (113820) map[0m
[0;32mI (143) esp_image: segment 3: paddr=0003bcc4 vaddr=3fc939d4 size=009e0h (  2528) load[0m
[0;32mI (144) esp_image: segment 4: paddr=0003c6ac vaddr=40374000 size=0d900h ( 55552) load[0m
[0;32mI (167) boot: Loaded app from partition at offset 0x10000[0m
[0;32mI (167) boot: Disabling RNG early entropy source...[0m
[0;32mI (178) cpu_start: Multicore app[0m
[0;32mI (188) cpu_start: Pro cpu start user code[0m
[0;32mI (188) cpu_start: cpu freq: 160000000 Hz[0m
[0;32mI (188) app_init: Application information:[0m
[0;32mI (191) app_init: Project name:     adc_fft[0m
[0;32mI (196) app_init: App version:      b8de82f[0m
[0;32mI (201) app_init: Compile time:     May 18 2024 11:30:22[0m
[0;32mI (207) app_init: ELF file SHA256:  4a7e59e3d...[0m
[0;32mI (212) app_init: ESP-IDF:          v5.3-dev-2265-gfdb7a43752-dirty[0m
[0;32mI (219) app_init: Min chip rev:     v0.0[0m
[0;32mI (224) app_init: Max chip rev:     v0.99 [0m
[0;32mI (228) app_init: Chip rev:         v0.1[0m
[0;32mI (233) heap_init: Initializing. RAM available for dynamic allocation:[0m
[0;32mI (240) heap_init: At 3FC984E8 len 00051228 (324 KiB): RAM[0m
[0;32mI (246) heap_init: At 3FCE9710 len 00005724 (21 KiB): RAM[0m
[0;32mI (253) heap_init: At 3FCF0000 len 00008000 (32 KiB): DRAM[0m
[0;32mI (259) heap_init: At 600FE010 len 00001FD8 (7 KiB): RTCRAM[0m
[0;32mI (266) spi_flash: detected chip: gd[0m
[0;32mI (269) spi_flash: flash io: dio[0m
[0;33mW (273) spi_flash: Detected size(8192k) larger than the size in the binary image header(2048k). Using the size in the binary image header.[0m
[0;33mW (287) ADC: legacy driver is deprecated, please migrate to `esp_adc/adc_oneshot.h`[0m
[0;32mI (295) sleep: Configure to isolate all GPIO pins in sleep state[0m
[0;32mI (301) sleep: Enable automatic switching of GPIO sleep configuration[0m
[0;32mI (309) main_task: Started on CPU0[0m
[0;32mI (319) main_task: Calling app_main()[0m
[0;32mI (319) [ADC] : Characterization ADC_1 CH_0 : done[0m
[0;32mI (319) [ADC] : Channel width and configuration done[0m
Guru Meditation Error: Core  0 panic'ed (LoadProhibited). Exception was unhandled.

Core  0 register dump:
PC      : 0x42019e36  PS      : 0x00060530  A0      : 0x82008de3  A1      : 0x3fc9afd0  
A2      : 0x3fc95294  A3      : 0x00000400  A4      : 0x00000000  A5      : 0x00000001  
A6      : 0x00000200  A7      : 0x00000001  A8      : 0x00000000  A9      : 0x3fc9afa0  
A10     : 0x00000000  A11     : 0x00000000  A12     : 0x3dfa52b0  A13     : 0x40c90fda  
A14     : 0x00000000  A15     : 0x00000000  SAR     : 0x00000001  EXCCAUSE: 0x0000001c  
EXCVADDR: 0x00000000  LBEG    : 0x400570e8  LEND    : 0x400570f3  LCOUNT  : 0x00000000  


Backtrace: 0x42019e33:0x3fc9afd0 0x42008de0:0x3fc9afe0 0x42008ec2:0x3fc9b020 0x4201b497:0x3fc9b040 0x4037a1ad:0x3fc9b070




ELF file SHA256: 4a7e59e3d

Rebooting...
ï¿½ï¿½ï¿½ESP-ROM:esp32s3-20210327
Build:Mar 27 2021
rst:0xc (RTC_SW_CPU_RST),boot:0x8 (SPI_FAST_FLASH_BOOT)
Saved PC:0x4037589c
SPIWP:0xee
mode:DIO, clock div:1
load:0x3fce2810,len:0x178c
load:0x403c8700,len:0x4
load:0x403c8704,len:0xcb8
load:0x403cb700,len:0x2d9c
entry 0x403c8914
[0;32mI (31) boot: ESP-IDF v5.3-dev-2265-gfdb7a43752-dirty 2nd stage bootloader[0m
[0;32mI (31) boot: compile time May 18 2024 11:30:31[0m
[0;32mI (32) boot: Multicore bootloader[0m
[0;32mI (36) boot: chip revision: v0.1[0m
[0;32mI (40) boot.esp32s3: Boot SPI Speed : 80MHz[0m
[0;32mI (45) boot.esp32s3: SPI Mode       : DIO[0m
[0;32mI (50) boot.esp32s3: SPI Flash Size : 2MB[0m
[0;32mI (55) boot: Enabling RNG early entropy source...[0m
[0;32mI (60) boot: Partition Table:[0m
[0;32mI (63) boot: ## Label            Usage          Type ST Offset   Length[0m
[0;32mI (71) boot:  0 nvs              WiFi data        01 02 00009000 00006000[0m
[0;32mI (78) boot:  1 phy_init         RF data          01 01 0000f000 00001000[0m
[0;32mI (86) boot:  2 factory          factory app      00 00 00010000 00100000[0m
[0;32mI (93) boot: End of partition table[0m
[0;32mI (97) esp_image: segment 0: paddr=00010020 vaddr=3c020020 size=0e01ch ( 57372) map[0m
[0;32mI (116) esp_image: segment 1: paddr=0001e044 vaddr=3fc91a00 size=01fd4h (  8148) load[0m
[0;32mI (118) esp_image: segment 2: paddr=00020020 vaddr=42000020 size=1bc9ch (113820) map[0m
[0;32mI (143) esp_image: segment 3: paddr=0003bcc4 vaddr=3fc939d4 size=009e0h (  2528) load[0m
[0;32mI (144) esp_image: segment 4: paddr=0003c6ac vaddr=40374000 size=0d900h ( 55552) load[0m
[0;32mI (167) boot: Loaded app from partition at offset 0x10000[0m
[0;32mI (167) boot: Disabling RNG early entropy source...[0m
[0;32mI (178) cpu_start: Multicore app[0m
[0;32mI (188) cpu_start: Pro cpu start user code[0m
[0;32mI (188) cpu_start: cpu freq: 160000000 Hz[0m
[0;32mI (188) app_init: Application information:[0m
[0;32mI (191) app_init: Project name:     adc_fft[0m
[0;32mI (196) app_init: App version:      b8de82f[0m
[0;32mI (201) app_init: Compile time:     May 18 2024 11:30:22[0m
[0;32mI (207) app_init: ELF file SHA256:  4a7e59e3d...[0m
[0;32mI (212) app_init: ESP-IDF:          v5.3-dev-2265-gfdb7a43752-dirty[0m
[0;32mI (219) app_init: Min chip rev:     v0.0[0m
[0;32mI (224) app_init: Max chip rev:     v0.99 [0m
[0;32mI (228) app_init: Chip rev:         v0.1[0m
[0;32mI (233) heap_init: Initializing. RAM available for dynamic allocation:[0m
[0;32mI (240) heap_init: At 3FC984E8 len 00051228 (324 KiB): RAM[0m
[0;32mI (246) heap_init: At 3FCE9710 len 00005724 (21 KiB): RAM[0m
[0;32mI (253) heap_init: At 3FCF0000 len 00008000 (32 KiB): DRAM[0m
[0;32mI (259) heap_init: At 600FE010 len 00001FD8 (7 KiB): RTCRAM[0m
[0;32mI (266) spi_flash: detected chip: gd[0m
[0;32mI (269) spi_flash: flash io: dio[0m
[0;33mW (273) spi_flash: Detected size(8192k) larger than the size in the binary image header(2048k). Using the size in the binary image header.[0m
[0;33mW (287) ADC: legacy driver is deprecated, please migrate to `esp_adc/adc_oneshot.h`[0m
[0;32mI (295) sleep: Configure to isolate all GPIO pins in sleep state[0m
[0;32mI (301) sleep: Enable automatic switching of GPIO sleep configuration[0m
[0;32mI (309) main_task: Started on CPU0[0m
[0;32mI (319) main_task: Calling app_main()[0m
[0;32mI (319) [ADC] : Characterization ADC_1 CH_0 : done[0m
[0;32mI (319) [ADC] : Channel width and configuration done[0m
Guru Meditation Error: Core  0 panic'ed (LoadProhibited). Exception was unhandled.

Core  0 register dump:
PC      : 0x42019e36  PS      : 0x00060530  A0      : 0x82008de3  A1      : 0x3fc9afd0  
A2      : 0x3fc95294  A3      : 0x00000400  A4      : 0x00000000  A5      : 0x00000001  
A6      : 0x00000200  A7      : 0x00000001  A8      : 0x00000000  A9      : 0x3fc9afa0  
A10     : 0x00000000  A11     : 0x00000000  A12     : 0x3dfa52b0  A13     : 0x40c90fda  
A14     : 0x00000000  A15     : 0x00000000  SAR     : 0x00000001  EXCCAUSE: 0x0000001c  
EXCVADDR: 0x00000000  LBEG    : 0x400570e8  LEND    : 0x400570f3  LCOUNT  : 0x00000000  


Backtrace: 0x42019e33:0x3fc9afd0 0x42008de0:0x3fc9afe0 0x42008ec2:0x3fc9b020 0x4201b497:0x3fc9b040 0x4037a1ad:0x3fc9b070




ELF file SHA256: 4a7e59e3d

Rebooting...
ï¿½ï¿½ï¿½ESP-ROM:esp32s3-20210327
Build:Mar 27 2021
rst:0xc (RTC_SW_CPU_RST),boot:0x8 (SPI_FAST_FLASH_BOOT)
Saved PC:0x4037589c
SPIWP:0xee
mode:DIO, clock div:1
load:0x3fce2810,len:0x178c
load:0x403c8700,len:0x4
load:0x403c8704,len:0xcb8
load:0x403cb700,len:0x2d9c
entry 0x403c8914
[0;32mI (31) boot: ESP-IDF v5.3-dev-2265-gfdb7a43752-dirty 2nd stage bootloader[0m
[0;32mI (31) boot: compile time May 18 2024 11:30:31[0m
[0;32mI (32) boot: Multicore bootloader[0m
[0;32mI (36) boot: chip revision: v0.1[0m
[0;32mI (40) boot.esp32s3: Boot SPI Speed : 80MHz[0m
[0;32mI (45) boot.esp32s3: SPI Mode       : DIO[0m
[0;32mI (50) boot.esp32s3: SPI Flash Size : 2MB[0m
[0;32mI (55) boot: Enabling RNG early entropy source...[0m
[0;32mI (60) boot: Partition Table:[0m
[0;32mI (63) boot: ## Label            Usage          Type ST Offset   Length[0m
[0;32mI (71) boot:  0 nvs              WiFi data        01 02 00009000 00006000[0m
[0;32mI (78) boot:  1 phy_init         RF data          01 01 0000f000 00001000[0m
[0;32mI (86) boot:  2 factory          factory app      00 00 00010000 00100000[0m
[0;32mI (93) boot: End of partition table[0m
[0;32mI (97) esp_image: segment 0: paddr=00010020 vaddr=3c020020 size=0e01ch ( 57372) map[0m
[0;32mI (116) esp_image: segment 1: paddr=0001e044 vaddr=3fc91a00 size=01fd4h (  8148) load[0m
[0;32mI (118) esp_image: segment 2: paddr=00020020 vaddr=42000020 size=1bc9ch (113820) map[0m
[0;32mI (143) esp_image: segment 3: paddr=0003bcc4 vaddr=3fc939d4 size=009e0h (  2528) load[0m
[0;32mI (144) esp_image: segment 4: paddr=0003c6ac vaddr=40374000 size=0d900h ( 55552) load[0m
[0;32mI (167) boot: Loaded app from partition at offset 0x10000[0m
[0;32mI (167) boot: Disabling RNG early entropy source...[0m
[0;32mI (178) cpu_start: Multicore app[0m
[0;32mI (188) cpu_start: Pro cpu start user code[0m
[0;32mI (188) cpu_start: cpu freq: 160000000 Hz[0m
[0;32mI (188) app_init: Application information:[0m
[0;32mI (191) app_init: Project name:     adc_fft[0m
[0;32mI (196) app_init: App version:      b8de82f[0m
[0;32mI (201) app_init: Compile time:     May 18 2024 11:30:22[0m
[0;32mI (207) app_init: ELF file SHA256:  4a7e59e3d...[0m
[0;32mI (212) app_init: ESP-IDF:          v5.3-dev-2265-gfdb7a43752-dirty[0m
[0;32mI (219) app_init: Min chip rev:     v0.0[0m
[0;32mI (224) app_init: Max chip rev:     v0.99 [0m
[0;32mI (228) app_init: Chip rev:         v0.1[0m
[0;32mI (233) heap_init: Initializing. RAM available for dynamic allocation:[0m
[0;32mI (240) heap_init: At 3FC984E8 len 00051228 (324 KiB): RAM[0m
[0;32mI (246) heap_init: At 3FCE9710 len 00005724 (21 KiB): RAM[0m
[0;32mI (253) heap_init: At 3FCF0000 len 00008000 (32 KiB): DRAM[0m
[0;32mI (259) heap_init: At 600FE010 len 00001FD8 (7 KiB): RTCRAM[0m
[0;32mI (266) spi_flash: detected chip: gd[0m
[0;32mI (269) spi_flash: flash io: dio[0m
[0;33mW (273) spi_flash: Detected size(8192k) larger than the size in the binary image header(2048k). Using the size in the binary image header.[0m
[0;33mW (287) ADC: legacy driver is deprecated, please migrate to `esp_adc/adc_oneshot.h`[0m
[0;32mI (295) sleep: Configure to isolate all GPIO pins in sleep state[0m
[0;32mI (301) sleep: Enable automatic switching of GPIO sleep configuration[0m
[0;32mI (309) main_task: Started on CPU0[0m
[0;32mI (319) main_task: Calling app_main()[0m
[0;32mI (319) [ADC] : Characterization ADC_1 CH_0 : done[0m
[0;32mI (319) [ADC] : Channel width and configuration done[0m
Guru Meditation Error: Core  0 panic'ed (LoadProhibited). Exception was unhandled.

Core  0 register dump:
PC      : 0x42019e36  PS      : 0x00060530  A0      : 0x82008de3  A1      : 0x3fc9afd0  
A2      : 0x3fc95294  A3      : 0x00000400  A4      : 0x00000000  A5      : 0x00000001  
A6      : 0x00000200  A7      : 0x00000001  A8      : 0x00000000  A9      : 0x3fc9afa0  
A10     : 0x00000000  A11     : 0x00000000  A12     : 0x3dfa52b0  A13     : 0x40c90fda  
A14     : 0x00000000  A15     : 0x00000000  SAR     : 0x00000001  EXCCAUSE: 0x0000001c  
EXCVADDR: 0x00000000  LBEG    : 0x400570e8  LEND    : 0x400570f3  LCOUNT  : 0x00000000  


Backtrace: 0x42019e33:0x3fc9afd0 0x42008de0:0x3fc9afe0 0x42008ec2:0x3fc9b020 0x4201b497:0x3fc9b040 0x4037a1ad:0x3fc9b070




ELF file SHA256: 4a7e59e3d

Rebooting...
ï¿½ï¿½ï¿½ESP-ROM:esp32s3-20210327
Build:Mar 27 2021
rst:0xc (RTC_SW_CPU_RST),boot:0x8 (SPI_FAST_FLASH_BOOT)
Saved PC:0x4037589c
SPIWP:0xee
mode:DIO, clock div:1
load:0x3fce2810,len:0x178c
load:0x403c8700,len:0x4
load:0x403c8704,len:0xcb8
load:0x403cb700,len:0x2d9c
entry 0x403c8914
[0;32mI (31) boot: ESP-IDF v5.3-dev-2265-gfdb7a43752-dirty 2nd stage bootloader[0m
[0;32mI (31) boot: compile time May 18 2024 11:30:31[0m
[0;32mI (32) boot: Multicore bootloader[0m
[0;32mI (36) boot: chip revision: v0.1[0m
[0;32mI (40) boot.esp32s3: Boot SPI Speed : 80MHz[0m
[0;32mI (45) boot.esp32s3: SPI Mode       : DIO[0m
[0;32mI (50) boot.esp32s3: SPI Flash Size : 2MB[0m
[0;32mI (55) boot: Enabling RNG early entropy source...[0m
[0;32mI (60) boot: Partition Table:[0m
[0;32mI (63) boot: ## Label            Usage          Type ST Offset   Length[0m
[0;32mI (71) boot:  0 nvs              WiFi data        01 02 00009000 00006000[0m
[0;32mI (78) boot:  1 phy_init         RF data          01 01 0000f000 00001000[0m
[0;32mI (86) boot:  2 factory          factory app      00 00 00010000 00100000[0m
[0;32mI (93) boot: End of partition table[0m
[0;32mI (97) esp_image: segment 0: paddr=00010020 vaddr=3c020020 size=0e01ch ( 57372) map[0m
[0;32mI (116) esp_image: segment 1: paddr=0001e044 vaddr=3fc91a00 size=01fd4h (  8148) load[0m
[0;32mI (118) esp_image: segment 2: paddr=00020020 vaddr=42000020 size=1bc9ch (113820) map[0m
[0;32mI (143) esp_image: segment 3: paddr=0003bcc4 vaddr=3fc939d4 size=009e0h (  2528) load[0m
[0;32mI (144) esp_image: segment 4: paddr=0003c6ac vaddr=40374000 size=0d900h ( 55552) load[0m
[0;32mI (167) boot: Loaded app from partition at offset 0x10000[0m
[0;32mI (167) boot: Disabling RNG early entropy source...[0m
[0;32mI (178) cpu_start: Multicore app[0m
[0;32mI (188) cpu_start: Pro cpu start user code[0m
[0;32mI (188) cpu_start: cpu freq: 160000000 Hz[0m
[0;32mI (188) app_init: Application information:[0m
[0;32mI (191) app_init: Project name:     adc_fft[0m
[0;32mI (196) app_init: App version:      b8de82f[0m
[0;32mI (201) app_init: Compile time:     May 18 2024 11:30:22[0m
[0;32mI (207) app_init: ELF file SHA256:  4a7e59e3d...[0m
[0;32mI (212) app_init: ESP-IDF:          v5.3-dev-2265-gfdb7a43752-dirty[0m
[0;32mI (219) app_init: Min chip rev:     v0.0[0m
[0;32mI (224) app_init: Max chip rev:     v0.99 [0m
[0;32mI (228) app_init: Chip rev:         v0.1[0m
[0;32mI (233) heap_init: Initializing. RAM available for dynamic allocation:[0m
[0;32mI (240) heap_init: At 3FC984E8 len 00051228 (324 KiB): RAM[0m
[0;32mI (246) heap_init: At 3FCE9710 len 00005724 (21 KiB): RAM[0m
[0;32mI (253) heap_init: At 3FCF0000 len 00008000 (32 KiB): DRAM[0m
[0;32mI (259) heap_init: At 600FE010 len 00001FD8 (7 KiB): RTCRAM[0m
[0;32mI (266) spi_flash: detected chip: gd[0m
[0;32mI (269) spi_flash: flash io: dio[0m
[0;33mW (273) spi_flash: Detected size(8192k) larger than the size in the binary image header(2048k). Using the size in the binary image header.[0m
[0;33mW (287) ADC: legacy driver is deprecated, please migrate to `esp_adc/adc_oneshot.h`[0m
[0;32mI (295) sleep: Configure to isolate all GPIO pins in sleep state[0m
[0;32mI (301) sleep: Enable automatic switching of GPIO sleep configuration[0m
[0;32mI (309) main_task: Started on CPU0[0m
[0;32mI (319) main_task: Calling app_main()[0m
[0;32mI (319) [ADC] : Characterization ADC_1 CH_0 : done[0m
[0;32mI (319) [ADC] : Channel width and configuration done[0m
Guru Meditation Error: Core  0 panic'ed (LoadProhibited). Exception was unhandled.

Core  0 register dump:
PC      : 0x42019e36  PS      : 0x00060530  A0      : 0x82008de3  A1      : 0x3fc9afd0  
A2      : 0x3fc95294  A3      : 0x00000400  A4      : 0x00000000  A5      : 0x00000001  
A6      : 0x00000200  A7      : 0x00000001  A8      : 0x00000000  A9      : 0x3fc9afa0  
A10     : 0x00000000  A11     : 0x00000000  A12     : 0x3dfa52b0  A13     : 0x40c90fda  
A14     : 0x00000000  A15     : 0x00000000  SAR     : 0x00000001  EXCCAUSE: 0x0000001c  
EXCVADDR: 0x00000000  LBEG    : 0x400570e8  LEND    : 0x400570f3  LCOUNT  : 0x00000000  


Backtrace: 0x42019e33:0x3fc9afd0 0x42008de0:0x3fc9afe0 0x42008ec2:0x3fc9b020 0x4201b497:0x3fc9b040 0x4037a1ad:0x3fc9b070




